Archive member included to satisfy reference by file (symbol)

/opt/devkitpro/libgba/lib/libgba.a(console.o)
                              template.o (consoleDemoInit)
/opt/devkitpro/libgba/lib/libgba.a(interrupt.o)
                              template.o (irqInit)
/opt/devkitpro/libgba/lib/libgba.a(InterruptDispatcher.o)
                              /opt/devkitpro/libgba/lib/libgba.a(interrupt.o) (IntrMain)
/opt/devkitpro/libgba/lib/libgba.a(amiga.fnt.o)
                              /opt/devkitpro/libgba/lib/libgba.a(console.o) (amiga_fnt_size)
/opt/devkitpro/libgba/lib/libgba.a(CpuSet.o)
                              /opt/devkitpro/libgba/lib/libgba.a(console.o) (CpuFastSet)
/opt/devkitpro/devkitARM/lib/gcc/arm-none-eabi/5.3.0/../../../../arm-none-eabi/lib/thumb/libg.a(lib_a-impure.o)
                              /opt/devkitpro/libgba/lib/libgba.a(console.o) (_impure_ptr)
/opt/devkitpro/devkitARM/lib/gcc/arm-none-eabi/5.3.0/../../../../arm-none-eabi/lib/thumb/libg.a(lib_a-init.o)
                              /opt/devkitpro/devkitARM/lib/gcc/arm-none-eabi/5.3.0/../../../../arm-none-eabi/lib/thumb/gba_crt0.o (__libc_init_array)
/opt/devkitpro/devkitARM/lib/gcc/arm-none-eabi/5.3.0/../../../../arm-none-eabi/lib/thumb/libg.a(lib_a-iprintf.o)
                              template.o (iprintf)
/opt/devkitpro/devkitARM/lib/gcc/arm-none-eabi/5.3.0/../../../../arm-none-eabi/lib/thumb/libg.a(lib_a-setvbuf.o)
                              /opt/devkitpro/libgba/lib/libgba.a(console.o) (setvbuf)
/opt/devkitpro/devkitARM/lib/gcc/arm-none-eabi/5.3.0/../../../../arm-none-eabi/lib/thumb/libg.a(lib_a-siscanf.o)
                              /opt/devkitpro/libgba/lib/libgba.a(console.o) (siscanf)
/opt/devkitpro/devkitARM/lib/gcc/arm-none-eabi/5.3.0/../../../../arm-none-eabi/lib/thumb/libg.a(lib_a-stdio.o)
                              /opt/devkitpro/devkitARM/lib/gcc/arm-none-eabi/5.3.0/../../../../arm-none-eabi/lib/thumb/libg.a(lib_a-siscanf.o) (__seofread)
/opt/devkitpro/devkitARM/lib/gcc/arm-none-eabi/5.3.0/../../../../arm-none-eabi/lib/thumb/libg.a(lib_a-strlen.o)
                              /opt/devkitpro/devkitARM/lib/gcc/arm-none-eabi/5.3.0/../../../../arm-none-eabi/lib/thumb/libg.a(lib_a-siscanf.o) (strlen)
/opt/devkitpro/devkitARM/lib/gcc/arm-none-eabi/5.3.0/../../../../arm-none-eabi/lib/thumb/libg.a(lib_a-svfiscanf.o)
                              /opt/devkitpro/devkitARM/lib/gcc/arm-none-eabi/5.3.0/../../../../arm-none-eabi/lib/thumb/libg.a(lib_a-siscanf.o) (__ssvfiscanf_r)
/opt/devkitpro/devkitARM/lib/gcc/arm-none-eabi/5.3.0/../../../../arm-none-eabi/lib/thumb/libg.a(lib_a-ungetc.o)
                              /opt/devkitpro/devkitARM/lib/gcc/arm-none-eabi/5.3.0/../../../../arm-none-eabi/lib/thumb/libg.a(lib_a-svfiscanf.o) (__submore)
/opt/devkitpro/devkitARM/lib/gcc/arm-none-eabi/5.3.0/../../../../arm-none-eabi/lib/thumb/libg.a(lib_a-vfiprintf.o)
                              /opt/devkitpro/devkitARM/lib/gcc/arm-none-eabi/5.3.0/../../../../arm-none-eabi/lib/thumb/libg.a(lib_a-iprintf.o) (_vfiprintf_r)
/opt/devkitpro/devkitARM/lib/gcc/arm-none-eabi/5.3.0/../../../../arm-none-eabi/lib/thumb/libg.a(lib_a-wcrtomb.o)
                              /opt/devkitpro/devkitARM/lib/gcc/arm-none-eabi/5.3.0/../../../../arm-none-eabi/lib/thumb/libg.a(lib_a-vfiprintf.o) (_wcrtomb_r)
/opt/devkitpro/devkitARM/lib/gcc/arm-none-eabi/5.3.0/../../../../arm-none-eabi/lib/thumb/libg.a(lib_a-wcsrtombs.o)
                              /opt/devkitpro/devkitARM/lib/gcc/arm-none-eabi/5.3.0/../../../../arm-none-eabi/lib/thumb/libg.a(lib_a-vfiprintf.o) (_wcsrtombs_r)
/opt/devkitpro/devkitARM/lib/gcc/arm-none-eabi/5.3.0/../../../../arm-none-eabi/lib/thumb/libg.a(lib_a-wctomb_r.o)
                              /opt/devkitpro/devkitARM/lib/gcc/arm-none-eabi/5.3.0/../../../../arm-none-eabi/lib/thumb/libg.a(lib_a-wcrtomb.o) (__wctomb)
/opt/devkitpro/devkitARM/lib/gcc/arm-none-eabi/5.3.0/../../../../arm-none-eabi/lib/thumb/libg.a(lib_a-wsetup.o)
                              /opt/devkitpro/devkitARM/lib/gcc/arm-none-eabi/5.3.0/../../../../arm-none-eabi/lib/thumb/libg.a(lib_a-vfiprintf.o) (__swsetup_r)
/opt/devkitpro/devkitARM/lib/gcc/arm-none-eabi/5.3.0/../../../../arm-none-eabi/lib/thumb/libg.a(lib_a-ctype_.o)
                              /opt/devkitpro/devkitARM/lib/gcc/arm-none-eabi/5.3.0/../../../../arm-none-eabi/lib/thumb/libg.a(lib_a-svfiscanf.o) (__ctype_ptr__)
/opt/devkitpro/devkitARM/lib/gcc/arm-none-eabi/5.3.0/../../../../arm-none-eabi/lib/thumb/libg.a(lib_a-fflush.o)
                              /opt/devkitpro/devkitARM/lib/gcc/arm-none-eabi/5.3.0/../../../../arm-none-eabi/lib/thumb/libg.a(lib_a-setvbuf.o) (_fflush_r)
/opt/devkitpro/devkitARM/lib/gcc/arm-none-eabi/5.3.0/../../../../arm-none-eabi/lib/thumb/libg.a(lib_a-findfp.o)
                              /opt/devkitpro/devkitARM/lib/gcc/arm-none-eabi/5.3.0/../../../../arm-none-eabi/lib/thumb/libg.a(lib_a-setvbuf.o) (_cleanup_r)
[...]
Memory Configuration

Name             Origin             Length             Attributes
rom              0x0000000008000000 0x0000000002000000
iwram            0x0000000003000000 0x0000000000008000
ewram            0x0000000002000000 0x0000000000040000
*default*        0x0000000000000000 0xffffffffffffffff

Linker script and memory map

                0x0000000002000000                __text_start = ORIGIN (ewram)
                0x0000000002040000                __eheap_end = (ORIGIN (ewram) + 0x40000)
                0x0000000003000000                __iwram_start = ORIGIN (iwram)
                0x0000000003008000                __iwram_top = (ORIGIN (iwram) + 0x8000)
                0x0000000003007fa0                __sp_irq = (__iwram_top - 0x60)
                0x0000000003007f00                __sp_usr = (__sp_irq - 0xa0)
                0x0000000003007ff8                __irq_flags = 0x3007ff8
                0x0000000002000000                . = __text_start

.init           0x0000000002000000      0x21c
 *(.init)
 .init          0x0000000002000000      0x210 /opt/devkitpro/devkitARM/lib/gcc/arm-none-eabi/5.3.0/../../../../arm-none-eabi/lib/thumb/gba_crt0.o
                0x0000000002000000                _start
                0x00000000020000c4                __boot_method
                0x00000000020000c5                __slave_number
                0x00000000020000e0                start_vector
 .init          0x0000000002000210        0x4 /opt/devkitpro/devkitARM/lib/gcc/arm-none-eabi/5.3.0/thumb/crti.o
                0x0000000002000210                _init
 .init          0x0000000002000214        0x8 /opt/devkitpro/devkitARM/lib/gcc/arm-none-eabi/5.3.0/thumb/crtn.o
                0x000000000200021c                . = ALIGN (0x4)

.plt            0x000000000200021c        0x0
 *(.plt)
                0x000000000200021c                . = ALIGN (0x4)

.text           0x000000000200021c     0x8bac
 *(EXCLUDE_FILE(*.iwram*) .text)
 .text          0x000000000200021c       0xd4 /opt/devkitpro/devkitARM/lib/gcc/arm-none-eabi/5.3.0/thumb/crtbegin.o
 .text          0x00000000020002f0      0x628 /opt/devkitpro/libgba/lib/libgba.a(console.o)
                0x00000000020002f0                con_read
                0x00000000020002f8                con_close
                0x0000000002000300                con_open
                0x000000000200031c                upcvt_4bit
                0x000000000200037c                consoleCls
                0x00000000020003ac                consoleInit
                0x00000000020004c4                consolePrintChar
                0x00000000020005ac                consoleDemoInit
                0x00000000020006c8                con_write
 .text          0x0000000002000918      0x2b8 /opt/devkitpro/libgba/lib/libgba.a(interrupt.o)
                0x0000000002000918                dummy
                0x000000000200091c                InitInterrupt
                0x0000000002000978                irqInit
                0x00000000020009d4                SetInterrupt
                0x0000000002000a18                irqSet
                0x0000000002000a5c                irqEnable
                0x0000000002000abc                irqDisable
                0x0000000002000b18                EnableInterrupt
                0x0000000002000b74                DisableInterrupt
 .text          0x0000000002000bd0        0x8 /opt/devkitpro/libgba/lib/libgba.a(CpuSet.o)
                0x0000000002000bd0                CpuSet
                0x0000000002000bd4                CpuFastSet
 .text          0x0000000002000bd8      0x224 /opt/devkitpro/devkitARM/lib/gcc/arm-none-eabi/5.3.0/../../../../arm-none-eabi/lib/thumb/libg.a(lib_a-strcmp.o)
                0x0000000002000bd8                strcmp
 .text          0x0000000002000dfc      0x160 /opt/devkitpro/devkitARM/lib/gcc/arm-none-eabi/5.3.0/../../../../arm-none-eabi/lib/thumb/libsysbase.a(iosupport.o)
                0x0000000002000e00                setDefaultDevice
                0x0000000002000e10                FindDevice
                0x0000000002000e9c                RemoveDevice
                0x0000000002000ec0                AddDevice
                0x0000000002000f3c                GetDeviceOpTab
 .text          0x0000000002000f5c       0x54 /opt/devkitpro/devkitARM/lib/gcc/arm-none-eabi/5.3.0/../../../../arm-none-eabi/lib/thumb/libsysbase.a(close.o)
                0x0000000002000f5c                _close_r
 .text          0x0000000002000fb0       0x44 /opt/devkitpro/devkitARM/lib/gcc/arm-none-eabi/5.3.0/../../../../arm-none-eabi/lib/thumb/libsysbase.a(fstat.o)
                0x0000000002000fb0                _fstat_r
 .text          0x0000000002000ff4        0x4 /opt/devkitpro/devkitARM/lib/gcc/arm-none-eabi/5.3.0/../../../../arm-none-eabi/lib/thumb/libsysbase.a(isatty.o)
                0x0000000002000ff4                _isatty_r
 .text          0x0000000002000ff8       0x48 /opt/devkitpro/devkitARM/lib/gcc/arm-none-eabi/5.3.0/../../../../arm-none-eabi/lib/thumb/libsysbase.a(lseek.o)
                0x0000000002000ff8                _lseek_r
 .text          0x0000000002001040       0x48 /opt/devkitpro/devkitARM/lib/gcc/arm-none-eabi/5.3.0/../../../../arm-none-eabi/lib/thumb/libsysbase.a(read.o)
                0x0000000002001040                _read_r
 .text          0x0000000002001088       0x54 /opt/devkitpro/devkitARM/lib/gcc/arm-none-eabi/5.3.0/../../../../arm-none-eabi/lib/thumb/libsysbase.a(sbrk.o)
                0x0000000002001088                _sbrk_r
 .text          0x00000000020010dc       0x48 /opt/devkitpro/devkitARM/lib/gcc/arm-none-eabi/5.3.0/../../../../arm-none-eabi/lib/thumb/libsysbase.a(write.o)
                0x00000000020010dc                _write_r
 .text          0x0000000002001124       0x20 /opt/devkitpro/devkitARM/lib/gcc/arm-none-eabi/5.3.0/../../../../arm-none-eabi/lib/thumb/libsysbase.a(flock.o)
                0x0000000002001124                __flockfile
                0x0000000002001134                __funlockfile
 .text          0x0000000002001144      0x104 /opt/devkitpro/devkitARM/lib/gcc/arm-none-eabi/5.3.0/../../../../arm-none-eabi/lib/thumb/libsysbase.a(syscall_support.o)
                0x0000000002001144                __libc_lock_init
                0x000000000200115c                __libc_lock_acquire
                0x0000000002001174                __libc_lock_try_acquire
                0x0000000002001194                __libc_lock_release
                0x00000000020011ac                __libc_lock_close
                0x00000000020011c4                __libc_lock_init_recursive
                0x00000000020011dc                __libc_lock_acquire_recursive
                0x00000000020011f4                __libc_lock_try_acquire_recursive
                0x0000000002001214                __libc_lock_release_recursive
                0x000000000200122c                __libc_lock_close_recursive
 .text          0x0000000002001248      0x204 /opt/devkitpro/devkitARM/lib/gcc/arm-none-eabi/5.3.0/../../../../arm-none-eabi/lib/thumb/libsysbase.a(handle_manager.o)
                0x0000000002001248                __free_handle
                0x0000000002001280                __release_handle
                0x00000000020012b8                __alloc_handle
                0x0000000002001310                __get_handle
                0x000000000200132c                dup
                0x00000000020013a0                dup2
 .text          0x000000000200144c       0x28 /opt/devkitpro/devkitARM/lib/gcc/arm-none-eabi/5.3.0/../../../../arm-none-eabi/lib/thumb/libsysbase.a(getreent.o)
                0x000000000200144c                __getreent
 .text          0x0000000002001474      0x11c /opt/devkitpro/devkitARM/lib/gcc/arm-none-eabi/5.3.0/thumb/libgcc.a(_udivsi3.o)
                0x0000000002001474                __udivsi3
                0x0000000002001474                __aeabi_uidiv
                0x0000000002001570                __aeabi_uidivmod
 .text          0x0000000002001590      0x150 /opt/devkitpro/devkitARM/lib/gcc/arm-none-eabi/5.3.0/thumb/libgcc.a(_divsi3.o)
                0x0000000002001590                __aeabi_idiv
                0x0000000002001590                __divsi3
                0x00000000020016c0                __aeabi_idivmod
 .text          0x00000000020016e0        0x4 /opt/devkitpro/devkitARM/lib/gcc/arm-none-eabi/5.3.0/thumb/libgcc.a(_dvmd_tls.o)
                0x00000000020016e0                __aeabi_ldiv0
                0x00000000020016e0                __aeabi_idiv0
 .text          0x00000000020016e4       0x3c /opt/devkitpro/devkitARM/lib/gcc/arm-none-eabi/5.3.0/thumb/libgcc.a(_aeabi_uldivmod.o)
                0x00000000020016e4                __aeabi_uldivmod
 .text          0x0000000002001720       0x60 /opt/devkitpro/devkitARM/lib/gcc/arm-none-eabi/5.3.0/thumb/libgcc.a(_muldi3.o)
                0x0000000002001720                __aeabi_lmul
                0x0000000002001720                __muldi3
 .text          0x0000000002001780      0x184 /opt/devkitpro/devkitARM/lib/gcc/arm-none-eabi/5.3.0/thumb/libgcc.a(_udivmoddi4.o)
                0x0000000002001780                __udivmoddi4
 .text          0x0000000002001904       0x28 /opt/devkitpro/devkitARM/lib/gcc/arm-none-eabi/5.3.0/thumb/libgcc.a(_clzdi2.o)
                0x0000000002001904                __clzdi2
 .text          0x000000000200192c       0x48 /opt/devkitpro/devkitARM/lib/gcc/arm-none-eabi/5.3.0/thumb/libgcc.a(_clzsi2.o)
                0x000000000200192c                __clzsi2
 *(.text .stub .text.* .gnu.linkonce.t.*)
 .text.startup  0x0000000002001974       0x20 template.o
                0x0000000002001974                main
 .text.__libc_init_array
                0x0000000002001994       0x58 /opt/devkitpro/devkitARM/lib/gcc/arm-none-eabi/5.3.0/../../../../arm-none-eabi/lib/thumb/libg.a(lib_a-init.o)
                0x0000000002001994                __libc_init_array
 .text.iprintf  0x00000000020019ec       0x24 /opt/devkitpro/devkitARM/lib/gcc/arm-none-eabi/5.3.0/../../../../arm-none-eabi/lib/thumb/libg.a(lib_a-iprintf.o)
                0x00000000020019ec                iprintf
 .text.setvbuf  0x0000000002001a10      0x148 /opt/devkitpro/devkitARM/lib/gcc/arm-none-eabi/5.3.0/../../../../arm-none-eabi/lib/thumb/libg.a(lib_a-setvbuf.o)
                0x0000000002001a10                setvbuf
 .text.siscanf  0x0000000002001b58       0x4c /opt/devkitpro/devkitARM/lib/gcc/arm-none-eabi/5.3.0/../../../../arm-none-eabi/lib/thumb/libg.a(lib_a-siscanf.o)
                0x0000000002001b58                siscanf
 .text.__sread  0x0000000002001ba4       0x2c /opt/devkitpro/devkitARM/lib/gcc/arm-none-eabi/5.3.0/../../../../arm-none-eabi/lib/thumb/libg.a(lib_a-stdio.o)
                0x0000000002001ba4                __sread
 .text.__seofread
                0x0000000002001bd0        0x4 /opt/devkitpro/devkitARM/lib/gcc/arm-none-eabi/5.3.0/../../../../arm-none-eabi/lib/thumb/libg.a(lib_a-stdio.o)
                0x0000000002001bd0                __seofread
 .text.__swrite
                0x0000000002001bd4       0x3c /opt/devkitpro/devkitARM/lib/gcc/arm-none-eabi/5.3.0/../../../../arm-none-eabi/lib/thumb/libg.a(lib_a-stdio.o)
                0x0000000002001bd4                __swrite
 .text.__sseek  0x0000000002001c10       0x30 /opt/devkitpro/devkitARM/lib/gcc/arm-none-eabi/5.3.0/../../../../arm-none-eabi/lib/thumb/libg.a(lib_a-stdio.o)
                0x0000000002001c10                __sseek
 .text.__sclose
                0x0000000002001c40       0x10 /opt/devkitpro/devkitARM/lib/gcc/arm-none-eabi/5.3.0/../../../../arm-none-eabi/lib/thumb/libg.a(lib_a-stdio.o)
                0x0000000002001c40                __sclose
 .text.strlen   0x0000000002001c50       0x6c /opt/devkitpro/devkitARM/lib/gcc/arm-none-eabi/5.3.0/../../../../arm-none-eabi/lib/thumb/libg.a(lib_a-strlen.o)
                0x0000000002001c50                strlen
 .text._sungetc_r
                0x0000000002001cbc       0x8c /opt/devkitpro/devkitARM/lib/gcc/arm-none-eabi/5.3.0/../../../../arm-none-eabi/lib/thumb/libg.a(lib_a-svfiscanf.o)
                0x0000000002001cbc                _sungetc_r
 .text.__ssrefill_r
                0x0000000002001d48       0x44 /opt/devkitpro/devkitARM/lib/gcc/arm-none-eabi/5.3.0/../../../../arm-none-eabi/lib/thumb/libg.a(lib_a-svfiscanf.o)
                0x0000000002001d48                __ssrefill_r
 .text._sfread_r
                0x0000000002001d8c       0x90 /opt/devkitpro/devkitARM/lib/gcc/arm-none-eabi/5.3.0/../../../../arm-none-eabi/lib/thumb/libg.a(lib_a-svfiscanf.o)
                0x0000000002001d8c                _sfread_r
 .text.__ssvfiscanf_r
                0x0000000002001e1c     0x1498 /opt/devkitpro/devkitARM/lib/gcc/arm-none-eabi/5.3.0/../../../../arm-none-eabi/lib/thumb/libg.a(lib_a-svfiscanf.o)
                0x0000000002001e1c                __ssvfiscanf_r
 .text.__submore
                0x00000000020032b4       0x88 /opt/devkitpro/devkitARM/lib/gcc/arm-none-eabi/5.3.0/../../../../arm-none-eabi/lib/thumb/libg.a(lib_a-ungetc.o)
                0x00000000020032b4                __submore
 .text.get_arg  0x000000000200333c      0xcb0 /opt/devkitpro/devkitARM/lib/gcc/arm-none-eabi/5.3.0/../../../../arm-none-eabi/lib/thumb/libg.a(lib_a-vfiprintf.o)
 .text.__sprint_r.part.0
                0x0000000002003fec       0x80 /opt/devkitpro/devkitARM/lib/gcc/arm-none-eabi/5.3.0/../../../../arm-none-eabi/lib/thumb/libg.a(lib_a-vfiprintf.o)
 .text._vfiprintf_r
                0x000000000200406c     0x2240 /opt/devkitpro/devkitARM/lib/gcc/arm-none-eabi/5.3.0/../../../../arm-none-eabi/lib/thumb/libg.a(lib_a-vfiprintf.o)
                0x000000000200406c                _vfiprintf_r
 .text.__sbprintf
                0x00000000020062ac       0x8c /opt/devkitpro/devkitARM/lib/gcc/arm-none-eabi/5.3.0/../../../../arm-none-eabi/lib/thumb/libg.a(lib_a-vfiprintf.o)
 .text._wcrtomb_r
                0x0000000002006338       0x6c /opt/devkitpro/devkitARM/lib/gcc/arm-none-eabi/5.3.0/../../../../arm-none-eabi/lib/thumb/libg.a(lib_a-wcrtomb.o)
                0x0000000002006338                _wcrtomb_r
 .text._wcsrtombs_r
                0x00000000020063a4       0x1c /opt/devkitpro/devkitARM/lib/gcc/arm-none-eabi/5.3.0/../../../../arm-none-eabi/lib/thumb/libg.a(lib_a-wcsrtombs.o)
                0x00000000020063a4                _wcsrtombs_r
 .text.__utf8_wctomb
                0x00000000020063c0       0xbc /opt/devkitpro/devkitARM/lib/gcc/arm-none-eabi/5.3.0/../../../../arm-none-eabi/lib/thumb/libg.a(lib_a-wctomb_r.o)
                0x00000000020063c0                __utf8_wctomb
 .text.__swsetup_r
                0x000000000200647c       0xcc /opt/devkitpro/devkitARM/lib/gcc/arm-none-eabi/5.3.0/../../../../arm-none-eabi/lib/thumb/libg.a(lib_a-wsetup.o)
                0x000000000200647c                __swsetup_r
 .text.__sflush_r
                0x0000000002006548      0x158 /opt/devkitpro/devkitARM/lib/gcc/arm-none-eabi/5.3.0/../../../../arm-none-eabi/lib/thumb/libg.a(lib_a-fflush.o)
                0x0000000002006548                __sflush_r
 .text._fflush_r
                0x00000000020066a0       0x58 /opt/devkitpro/devkitARM/lib/gcc/arm-none-eabi/5.3.0/../../../../arm-none-eabi/lib/thumb/libg.a(lib_a-fflush.o)
                0x00000000020066a0                _fflush_r
 .text._cleanup_r
                0x00000000020066f8       0x14 /opt/devkitpro/devkitARM/lib/gcc/arm-none-eabi/5.3.0/../../../../arm-none-eabi/lib/thumb/libg.a(lib_a-findfp.o)
                0x00000000020066f8                _cleanup_r
 .text.std.isra.0
                0x000000000200670c       0x54 /opt/devkitpro/devkitARM/lib/gcc/arm-none-eabi/5.3.0/../../../../arm-none-eabi/lib/thumb/libg.a(lib_a-findfp.o)
 .text.__sinit  0x0000000002006760       0x64 /opt/devkitpro/devkitARM/lib/gcc/arm-none-eabi/5.3.0/../../../../arm-none-eabi/lib/thumb/libg.a(lib_a-findfp.o)
                0x0000000002006760                __sinit
 .text.__sfp_lock_acquire
                0x00000000020067c4       0x14 /opt/devkitpro/devkitARM/lib/gcc/arm-none-eabi/5.3.0/../../../../arm-none-eabi/lib/thumb/libg.a(lib_a-findfp.o)
                0x00000000020067c4                __sfp_lock_acquire
 .text.__sfp_lock_release
                0x00000000020067d8       0x14 /opt/devkitpro/devkitARM/lib/gcc/arm-none-eabi/5.3.0/../../../../arm-none-eabi/lib/thumb/libg.a(lib_a-findfp.o)
                0x00000000020067d8                __sfp_lock_release
 .text.__fputwc
                0x00000000020067ec       0xc0 /opt/devkitpro/devkitARM/lib/gcc/arm-none-eabi/5.3.0/../../../../arm-none-eabi/lib/thumb/libg.a(lib_a-fputwc.o)
                0x00000000020067ec                __fputwc
 .text._fputwc_r
                0x00000000020068ac       0x5c /opt/devkitpro/devkitARM/lib/gcc/arm-none-eabi/5.3.0/../../../../arm-none-eabi/lib/thumb/libg.a(lib_a-fputwc.o)
                0x00000000020068ac                _fputwc_r
 .text._malloc_trim_r
                0x0000000002006908       0xa4 /opt/devkitpro/devkitARM/lib/gcc/arm-none-eabi/5.3.0/../../../../arm-none-eabi/lib/thumb/libg.a(lib_a-freer.o)
                0x0000000002006908                _malloc_trim_r
 .text._free_r  0x00000000020069ac      0x1c8 /opt/devkitpro/devkitARM/lib/gcc/arm-none-eabi/5.3.0/../../../../arm-none-eabi/lib/thumb/libg.a(lib_a-freer.o)
                0x00000000020069ac                _free_r
 .text.__sfvwrite_r
                0x0000000002006b74      0x340 /opt/devkitpro/devkitARM/lib/gcc/arm-none-eabi/5.3.0/../../../../arm-none-eabi/lib/thumb/libg.a(lib_a-fvwrite.o)
                0x0000000002006b74                __sfvwrite_r
 .text._fwalk_reent
                0x0000000002006eb4       0x54 /opt/devkitpro/devkitARM/lib/gcc/arm-none-eabi/5.3.0/../../../../arm-none-eabi/lib/thumb/libg.a(lib_a-fwalk.o)
                0x0000000002006eb4                _fwalk_reent
 .text.iswspace
                0x0000000002006f08       0x78 /opt/devkitpro/devkitARM/lib/gcc/arm-none-eabi/5.3.0/../../../../arm-none-eabi/lib/thumb/libg.a(lib_a-iswspace.o)
                0x0000000002006f08                iswspace
 .text.__jp2uc  0x0000000002006f80      0x188 /opt/devkitpro/devkitARM/lib/gcc/arm-none-eabi/5.3.0/../../../../arm-none-eabi/lib/thumb/libg.a(lib_a-jp2uc.o)
 .text._jp2uc   0x0000000002007108       0x64 /opt/devkitpro/devkitARM/lib/gcc/arm-none-eabi/5.3.0/../../../../arm-none-eabi/lib/thumb/libg.a(lib_a-jp2uc.o)
                0x0000000002007108                _jp2uc
 .text.__locale_charset
                0x000000000200716c        0x8 /opt/devkitpro/devkitARM/lib/gcc/arm-none-eabi/5.3.0/../../../../arm-none-eabi/lib/thumb/libg.a(lib_a-locale.o)
                0x000000000200716c                __locale_charset
 .text.__locale_mb_cur_max
                0x0000000002007174        0xc /opt/devkitpro/devkitARM/lib/gcc/arm-none-eabi/5.3.0/../../../../arm-none-eabi/lib/thumb/libg.a(lib_a-locale.o)
                0x0000000002007174                __locale_mb_cur_max
 .text._localeconv_r
                0x0000000002007180        0x8 /opt/devkitpro/devkitARM/lib/gcc/arm-none-eabi/5.3.0/../../../../arm-none-eabi/lib/thumb/libg.a(lib_a-locale.o)
                0x0000000002007180                _localeconv_r
 .text.__smakebuf_r
                0x0000000002007188       0xf4 /opt/devkitpro/devkitARM/lib/gcc/arm-none-eabi/5.3.0/../../../../arm-none-eabi/lib/thumb/libg.a(lib_a-makebuf.o)
                0x0000000002007188                __smakebuf_r
 .text.malloc   0x000000000200727c       0x14 /opt/devkitpro/devkitARM/lib/gcc/arm-none-eabi/5.3.0/../../../../arm-none-eabi/lib/thumb/libg.a(lib_a-malloc.o)
                0x000000000200727c                malloc
 .text.free     0x0000000002007290       0x14 /opt/devkitpro/devkitARM/lib/gcc/arm-none-eabi/5.3.0/../../../../arm-none-eabi/lib/thumb/libg.a(lib_a-malloc.o)
                0x0000000002007290                free
 .text._malloc_r
                0x00000000020072a4      0x564 /opt/devkitpro/devkitARM/lib/gcc/arm-none-eabi/5.3.0/../../../../arm-none-eabi/lib/thumb/libg.a(lib_a-mallocr.o)
                0x00000000020072a4                _malloc_r
 .text._mbrtowc_r
                0x0000000002007808       0x7c /opt/devkitpro/devkitARM/lib/gcc/arm-none-eabi/5.3.0/../../../../arm-none-eabi/lib/thumb/libg.a(lib_a-mbrtowc.o)
                0x0000000002007808                _mbrtowc_r
 .text.__utf8_mbtowc
                0x0000000002007884      0x2cc /opt/devkitpro/devkitARM/lib/gcc/arm-none-eabi/5.3.0/../../../../arm-none-eabi/lib/thumb/libg.a(lib_a-mbtowc_r.o)
                0x0000000002007884                __utf8_mbtowc
 .text.memchr   0x0000000002007b50       0x90 /opt/devkitpro/devkitARM/lib/gcc/arm-none-eabi/5.3.0/../../../../arm-none-eabi/lib/thumb/libg.a(lib_a-memchr.o)
                0x0000000002007b50                memchr
 .text.memcpy   0x0000000002007be0       0x80 /opt/devkitpro/devkitARM/lib/gcc/arm-none-eabi/5.3.0/../../../../arm-none-eabi/lib/thumb/libg.a(lib_a-memcpy.o)
                0x0000000002007be0                memcpy
 .text.memmove  0x0000000002007c60       0x9c /opt/devkitpro/devkitARM/lib/gcc/arm-none-eabi/5.3.0/../../../../arm-none-eabi/lib/thumb/libg.a(lib_a-memmove.o)
                0x0000000002007c60                memmove
 .text.memset   0x0000000002007cfc       0x94 /opt/devkitpro/devkitARM/lib/gcc/arm-none-eabi/5.3.0/../../../../arm-none-eabi/lib/thumb/libg.a(lib_a-memset.o)
                0x0000000002007cfc                memset
 .text.__malloc_lock
                0x0000000002007d90       0x14 /opt/devkitpro/devkitARM/lib/gcc/arm-none-eabi/5.3.0/../../../../arm-none-eabi/lib/thumb/libg.a(lib_a-mlock.o)
                0x0000000002007d90                __malloc_lock
 .text.__malloc_unlock
                0x0000000002007da4       0x14 /opt/devkitpro/devkitARM/lib/gcc/arm-none-eabi/5.3.0/../../../../arm-none-eabi/lib/thumb/libg.a(lib_a-mlock.o)
                0x0000000002007da4                __malloc_unlock
 .text._realloc_r
                0x0000000002007db8      0x3ec /opt/devkitpro/devkitARM/lib/gcc/arm-none-eabi/5.3.0/../../../../arm-none-eabi/lib/thumb/libg.a(lib_a-reallocr.o)
                0x0000000002007db8                _realloc_r
 .text.__sccl   0x00000000020081a4       0x7c /opt/devkitpro/devkitARM/lib/gcc/arm-none-eabi/5.3.0/../../../../arm-none-eabi/lib/thumb/libg.a(lib_a-sccl.o)
                0x00000000020081a4                __sccl
 .text.strchr   0x0000000002008220       0xdc /opt/devkitpro/devkitARM/lib/gcc/arm-none-eabi/5.3.0/../../../../arm-none-eabi/lib/thumb/libg.a(lib_a-strchr.o)
                0x0000000002008220                strchr
 .text.strncmp  0x00000000020082fc       0x94 /opt/devkitpro/devkitARM/lib/gcc/arm-none-eabi/5.3.0/../../../../arm-none-eabi/lib/thumb/libg.a(lib_a-strncmp.o)
                0x00000000020082fc                strncmp
 .text.strncpy  0x0000000002008390       0x7c /opt/devkitpro/devkitARM/lib/gcc/arm-none-eabi/5.3.0/../../../../arm-none-eabi/lib/thumb/libg.a(lib_a-strncpy.o)
                0x0000000002008390                strncpy
 .text._strtoll_r
                0x000000000200840c      0x1e8 /opt/devkitpro/devkitARM/lib/gcc/arm-none-eabi/5.3.0/../../../../arm-none-eabi/lib/thumb/libg.a(lib_a-strtoll_r.o)
                0x000000000200840c                _strtoll_r
 .text._strtol_r
                0x00000000020085f4      0x178 /opt/devkitpro/devkitARM/lib/gcc/arm-none-eabi/5.3.0/../../../../arm-none-eabi/lib/thumb/libg.a(lib_a-strtol.o)
                0x00000000020085f4                _strtol_r
 .text._strtoull_r
                0x000000000200876c      0x1ec /opt/devkitpro/devkitARM/lib/gcc/arm-none-eabi/5.3.0/../../../../arm-none-eabi/lib/thumb/libg.a(lib_a-strtoull_r.o)
                0x000000000200876c                _strtoull_r
 .text._strtoul_r
                0x0000000002008958      0x17c /opt/devkitpro/devkitARM/lib/gcc/arm-none-eabi/5.3.0/../../../../arm-none-eabi/lib/thumb/libg.a(lib_a-strtoul.o)
                0x0000000002008958                _strtoul_r
 .text.__swbuf_r
                0x0000000002008ad4       0xb8 /opt/devkitpro/devkitARM/lib/gcc/arm-none-eabi/5.3.0/../../../../arm-none-eabi/lib/thumb/libg.a(lib_a-wbuf.o)
                0x0000000002008ad4                __swbuf_r
 .text._wcsnrtombs_r
                0x0000000002008b8c      0x118 /opt/devkitpro/devkitARM/lib/gcc/arm-none-eabi/5.3.0/../../../../arm-none-eabi/lib/thumb/libg.a(lib_a-wcsnrtombs.o)
                0x0000000002008b8c                _wcsnrtombs_r
 .text._fclose_r
                0x0000000002008ca4       0xb4 /opt/devkitpro/devkitARM/lib/gcc/arm-none-eabi/5.3.0/../../../../arm-none-eabi/lib/thumb/libg.a(lib_a-fclose.o)
                0x0000000002008ca4                _fclose_r
 .text.__errno  0x0000000002008d58        0xc /opt/devkitpro/devkitARM/lib/gcc/arm-none-eabi/5.3.0/../../../../arm-none-eabi/lib/thumb/libg.a(lib_a-errno.o)
                0x0000000002008d58                __errno
 *fill*         0x0000000002008d64        0x4 ff
 .text.__errno.__stub
                0x0000000002008d68       0x54 linker stubs
 *(.text.*personality*)
 *(.gnu.warning)
 *(.glue_7t)
 .glue_7t       0x0000000002008dc8        0x0 linker stubs
 *(.glue_7)
 .glue_7        0x0000000002008dc8        0x0 linker stubs
 *(.vfp11_veneer)
 .vfp11_veneer  0x0000000002008dc8        0x0 linker stubs
                0x0000000002008dc8                . = ALIGN (0x4)
                0x0000000002008dc8                __text_end = .

.v4_bx          0x0000000002008dc8        0x0
 .v4_bx         0x0000000002008dc8        0x0 linker stubs

.iplt           0x0000000002008dc8        0x0
 .iplt          0x0000000002008dc8        0x0 /opt/devkitpro/devkitARM/lib/gcc/arm-none-eabi/5.3.0/../../../../arm-none-eabi/lib/thumb/gba_crt0.o

.fini           0x0000000002008dc8        0xc
 *(.fini)
 .fini          0x0000000002008dc8        0x4 /opt/devkitpro/devkitARM/lib/gcc/arm-none-eabi/5.3.0/thumb/crti.o
                0x0000000002008dc8                _fini
 .fini          0x0000000002008dcc        0x8 /opt/devkitpro/devkitARM/lib/gcc/arm-none-eabi/5.3.0/thumb/crtn.o
                0x0000000002008dd4                . = ALIGN (0x4)

.rodata         0x0000000002008dd4     0x5154
 *(.rodata)
 .rodata        0x0000000002008dd4      0x18c /opt/devkitpro/libgba/lib/libgba.a(console.o)
                0x0000000002008ea8                dotab_stdout
                0x0000000002008f04                dotab_stderr
 .rodata        0x0000000002008f60      0x804 /opt/devkitpro/libgba/lib/libgba.a(amiga.fnt.o)
                0x0000000002008f60                amiga_fnt
                0x0000000002009760                amiga_fnt_end
                0x0000000002009760                amiga_fnt_size
 .rodata        0x0000000002009764       0x68 /opt/devkitpro/devkitARM/lib/gcc/arm-none-eabi/5.3.0/../../../../arm-none-eabi/lib/thumb/libsysbase.a(iosupport.o)
                0x0000000002009764                dotab_stdnull
 *all.rodata*(*)
 *(.roda)
 *(.rodata.*)
 .rodata.str1.4
                0x00000000020097cc       0x16 template.o
                                         0x18 (size before relaxing)
 *fill*         0x00000000020097e2        0x2 ff
 .rodata.str1.4
                0x00000000020097e4       0x2c /opt/devkitpro/libgba/lib/libgba.a(console.o)
 .rodata.str1.4
                0x0000000002009810        0x2 /opt/devkitpro/devkitARM/lib/gcc/arm-none-eabi/5.3.0/../../../../arm-none-eabi/lib/thumb/libg.a(lib_a-impure.o)
                                          0x4 (size before relaxing)
 *fill*         0x0000000002009812        0x2 ff
 .rodata.__ssvfiscanf_r
                0x0000000002009814      0x324 /opt/devkitpro/devkitARM/lib/gcc/arm-none-eabi/5.3.0/../../../../arm-none-eabi/lib/thumb/libg.a(lib_a-svfiscanf.o)
 .rodata.basefix.6493
                0x0000000002009b38       0x24 /opt/devkitpro/devkitARM/lib/gcc/arm-none-eabi/5.3.0/../../../../arm-none-eabi/lib/thumb/libg.a(lib_a-svfiscanf.o)
 .rodata.get_arg
                0x0000000002009b5c      0x914 /opt/devkitpro/devkitARM/lib/gcc/arm-none-eabi/5.3.0/../../../../arm-none-eabi/lib/thumb/libg.a(lib_a-vfiprintf.o)
 .rodata._vfiprintf_r
                0x000000000200a470      0x16c /opt/devkitpro/devkitARM/lib/gcc/arm-none-eabi/5.3.0/../../../../arm-none-eabi/lib/thumb/libg.a(lib_a-vfiprintf.o)
 .rodata.blanks.7113
                0x000000000200a5dc       0x10 /opt/devkitpro/devkitARM/lib/gcc/arm-none-eabi/5.3.0/../../../../arm-none-eabi/lib/thumb/libg.a(lib_a-vfiprintf.o)
 .rodata.str1.4
                0x000000000200a5ec       0x2f /opt/devkitpro/devkitARM/lib/gcc/arm-none-eabi/5.3.0/../../../../arm-none-eabi/lib/thumb/libg.a(lib_a-vfiprintf.o)
                                         0x30 (size before relaxing)
 *fill*         0x000000000200a61b        0x1 ff
 .rodata.zeroes.7114
                0x000000000200a61c       0x10 /opt/devkitpro/devkitARM/lib/gcc/arm-none-eabi/5.3.0/../../../../arm-none-eabi/lib/thumb/libg.a(lib_a-vfiprintf.o)
 .rodata._ctype_
                0x000000000200a62c      0x104 /opt/devkitpro/devkitARM/lib/gcc/arm-none-eabi/5.3.0/../../../../arm-none-eabi/lib/thumb/libg.a(lib_a-ctype_.o)
                0x000000000200a62c                _ctype_
 .rodata.__jp2uc
                0x000000000200a730       0x20 /opt/devkitpro/devkitARM/lib/gcc/arm-none-eabi/5.3.0/../../../../arm-none-eabi/lib/thumb/libg.a(lib_a-jp2uc.o)
 .rodata.a1     0x000000000200a750       0xbc /opt/devkitpro/devkitARM/lib/gcc/arm-none-eabi/5.3.0/../../../../arm-none-eabi/lib/thumb/libg.a(lib_a-jp2uc.o)
 .rodata.a2     0x000000000200a80c       0xbc /opt/devkitpro/devkitARM/lib/gcc/arm-none-eabi/5.3.0/../../../../arm-none-eabi/lib/thumb/libg.a(lib_a-jp2uc.o)
 .rodata.a3     0x000000000200a8c8       0x5c /opt/devkitpro/devkitARM/lib/gcc/arm-none-eabi/5.3.0/../../../../arm-none-eabi/lib/thumb/libg.a(lib_a-jp2uc.o)
 .rodata.a6     0x000000000200a924       0x70 /opt/devkitpro/devkitARM/lib/gcc/arm-none-eabi/5.3.0/../../../../arm-none-eabi/lib/thumb/libg.a(lib_a-jp2uc.o)
 .rodata.a7     0x000000000200a994       0xa4 /opt/devkitpro/devkitARM/lib/gcc/arm-none-eabi/5.3.0/../../../../arm-none-eabi/lib/thumb/libg.a(lib_a-jp2uc.o)
 .rodata.a8     0x000000000200aa38       0x40 /opt/devkitpro/devkitARM/lib/gcc/arm-none-eabi/5.3.0/../../../../arm-none-eabi/lib/thumb/libg.a(lib_a-jp2uc.o)
 .rodata.str1.4
                0x000000000200aa78       0x12 /opt/devkitpro/devkitARM/lib/gcc/arm-none-eabi/5.3.0/../../../../arm-none-eabi/lib/thumb/libg.a(lib_a-jp2uc.o)
                                         0x14 (size before relaxing)
 *fill*         0x000000000200aa8a        0x2 ff
 .rodata.b02cf  0x000000000200aa8c     0x172c /opt/devkitpro/devkitARM/lib/gcc/arm-none-eabi/5.3.0/../../../../arm-none-eabi/lib/thumb/libg.a(lib_a-jp2uc.o)
 .rodata.d02f4  0x000000000200c1b8     0x1a7c /opt/devkitpro/devkitARM/lib/gcc/arm-none-eabi/5.3.0/../../../../arm-none-eabi/lib/thumb/libg.a(lib_a-jp2uc.o)
 .rodata.str1.4
                0x000000000200dc34      0x112 /opt/devkitpro/devkitARM/lib/gcc/arm-none-eabi/5.3.0/../../../../arm-none-eabi/lib/thumb/libg.a(lib_a-locale.o)
                                        0x130 (size before relaxing)
 .rodata.str1.4
                0x000000000200dd46        0x4 /opt/devkitpro/devkitARM/lib/gcc/arm-none-eabi/5.3.0/../../../../arm-none-eabi/lib/thumb/libg.a(lib_a-mbrtowc.o)
 *fill*         0x000000000200dd46        0x2 ff
 .rodata.__state_table
                0x000000000200dd48       0x6c /opt/devkitpro/devkitARM/lib/gcc/arm-none-eabi/5.3.0/../../../../arm-none-eabi/lib/thumb/libg.a(lib_a-svfiprintf.o)
                0x000000000200dd48                __state_table
 .rodata.__chclass
                0x000000000200ddb4      0x100 /opt/devkitpro/devkitARM/lib/gcc/arm-none-eabi/5.3.0/../../../../arm-none-eabi/lib/thumb/libg.a(lib_a-svfiprintf.o)
                0x000000000200ddb4                __chclass
 .rodata.__action_table
                0x000000000200deb4       0x6c /opt/devkitpro/devkitARM/lib/gcc/arm-none-eabi/5.3.0/../../../../arm-none-eabi/lib/thumb/libg.a(lib_a-svfiprintf.o)
                0x000000000200deb4                __action_table
 .rodata.str1.4
                0x000000000200df20        0x8 /opt/devkitpro/devkitARM/lib/gcc/arm-none-eabi/5.3.0/../../../../arm-none-eabi/lib/thumb/libsysbase.a(iosupport.o)
 *(.gnu.linkonce.r*)
                0x000000000200df28                . = ALIGN (0x4)

.ARM.extab
 *(.ARM.extab* .gnu.linkonce.armextab.*)
                0x000000000200df28                __exidx_start = .

.ARM.exidx
 *(.ARM.exidx* .gnu.linkonce.armexidx.*)
                0x000000000200df28                __exidx_end = .
                0x000000000200df28                . = ALIGN (0x4)
                0x000000000200df28                PROVIDE (__preinit_array_start, .)

.preinit_array
 *(.preinit_array)
                0x000000000200df28                PROVIDE (__preinit_array_end, .)
                0x000000000200df28                PROVIDE (__init_array_start, .)

.init_array     0x000000000200df28        0x4
 *(.init_array)
 .init_array    0x000000000200df28        0x4 /opt/devkitpro/devkitARM/lib/gcc/arm-none-eabi/5.3.0/thumb/crtbegin.o
                0x000000000200df2c                PROVIDE (__init_array_end, .)
                [!provide]                        PROVIDE (__fini_array_start, .)

.fini_array     0x000000000200df2c        0x4
 *(.fini_array)
 .fini_array    0x000000000200df2c        0x4 /opt/devkitpro/devkitARM/lib/gcc/arm-none-eabi/5.3.0/thumb/crtbegin.o
                [!provide]                        PROVIDE (__fini_array_end, .)

.ctors          0x000000000200df30        0x0
 *crtbegin.o(.ctors)
 *(EXCLUDE_FILE(*crtend.o) .ctors)
 *(SORT(.ctors.*))
 *(.ctors)
                0x000000000200df30                . = ALIGN (0x4)

.dtors          0x000000000200df30        0x0
 *crtbegin.o(.dtors)
 *(EXCLUDE_FILE(*crtend.o) .dtors)
 *(SORT(.dtors.*))
 *(.dtors)
                0x000000000200df30                . = ALIGN (0x4)

.jcr            0x000000000200df30        0x4
 *(.jcr)
 .jcr           0x000000000200df30        0x0 /opt/devkitpro/devkitARM/lib/gcc/arm-none-eabi/5.3.0/thumb/crtbegin.o
 .jcr           0x000000000200df30        0x4 /opt/devkitpro/devkitARM/lib/gcc/arm-none-eabi/5.3.0/thumb/crtend.o

.eh_frame       0x000000000200df34       0x48
 *(.eh_frame)
 .eh_frame      0x000000000200df34        0x0 /opt/devkitpro/devkitARM/lib/gcc/arm-none-eabi/5.3.0/thumb/crtbegin.o
 .eh_frame      0x000000000200df34       0x44 /opt/devkitpro/devkitARM/lib/gcc/arm-none-eabi/5.3.0/../../../../arm-none-eabi/lib/thumb/libg.a(lib_a-strcmp.o)
 .eh_frame      0x000000000200df78        0x4 /opt/devkitpro/devkitARM/lib/gcc/arm-none-eabi/5.3.0/thumb/crtend.o
                0x000000000200df7c                . = ALIGN (0x4)

.gcc_except_table
                0x000000000200df7c        0x0
 *(.gcc_except_table)
                0x000000000200df7c                . = ALIGN (0x4)
                0x000000000200df7c                __iwram_lma = .

.iwram          0x0000000003000000       0xb8 load address 0x000000000200df7c
                0x0000000003000000                __iwram_start__ = ABSOLUTE (.)
 *(.iwram)
 .iwram         0x0000000003000000       0xb8 /opt/devkitpro/libgba/lib/libgba.a(InterruptDispatcher.o)
                0x0000000003000000                IntrMain
 *iwram.*(.text)
                0x00000000030000b8                . = ALIGN (0x4)
                0x00000000030000b8                __iwram_end__ = ABSOLUTE (.)
                0x000000000200e034                __data_lma = (__iwram_lma + SIZEOF (.iwram))

.rel.dyn        0x00000000030000b8        0x0 load address 0x000000000200e034
 .rel.iplt      0x00000000030000b8        0x0 /opt/devkitpro/devkitARM/lib/gcc/arm-none-eabi/5.3.0/../../../../arm-none-eabi/lib/thumb/gba_crt0.o

.bss            0x00000000030000b8      0x128
                0x00000000030000b8                __bss_start__ = ABSOLUTE (.)
 *(.dynbss)
 *(.gnu.linkonce.b*)
 *(.bss*)
 .bss           0x00000000030000b8       0x1c /opt/devkitpro/devkitARM/lib/gcc/arm-none-eabi/5.3.0/thumb/crtbegin.o
 .bss           0x00000000030000d4       0x1c /opt/devkitpro/libgba/lib/libgba.a(console.o)
 .bss.__malloc_max_total_mem
                0x00000000030000f0        0x4 /opt/devkitpro/devkitARM/lib/gcc/arm-none-eabi/5.3.0/../../../../arm-none-eabi/lib/thumb/libg.a(lib_a-mallocr.o)
                0x00000000030000f0                __malloc_max_total_mem
 .bss.__malloc_max_sbrked_mem
                0x00000000030000f4        0x4 /opt/devkitpro/devkitARM/lib/gcc/arm-none-eabi/5.3.0/../../../../arm-none-eabi/lib/thumb/libg.a(lib_a-mallocr.o)
                0x00000000030000f4                __malloc_max_sbrked_mem
 .bss.__malloc_top_pad
                0x00000000030000f8        0x4 /opt/devkitpro/devkitARM/lib/gcc/arm-none-eabi/5.3.0/../../../../arm-none-eabi/lib/thumb/libg.a(lib_a-mallocr.o)
                0x00000000030000f8                __malloc_top_pad
 .bss.__malloc_current_mallinfo
                0x00000000030000fc       0x28 /opt/devkitpro/devkitARM/lib/gcc/arm-none-eabi/5.3.0/../../../../arm-none-eabi/lib/thumb/libg.a(lib_a-mallocr.o)
                0x00000000030000fc                __malloc_current_mallinfo
 .bss           0x0000000003000124        0x4 /opt/devkitpro/devkitARM/lib/gcc/arm-none-eabi/5.3.0/../../../../arm-none-eabi/lib/thumb/libsysbase.a(sbrk.o)
 .bss           0x0000000003000128        0x8 /opt/devkitpro/devkitARM/lib/gcc/arm-none-eabi/5.3.0/../../../../arm-none-eabi/lib/thumb/libsysbase.a(malloc_vars.o)
                0x0000000003000128                fake_heap_start
                0x000000000300012c                fake_heap_end
 .bss           0x0000000003000130       0x38 /opt/devkitpro/devkitARM/lib/gcc/arm-none-eabi/5.3.0/../../../../arm-none-eabi/lib/thumb/libsysbase.a(syscall_support.o)
                0x0000000003000130                __syscalls
 *(COMMON)
 COMMON         0x0000000003000168       0x78 /opt/devkitpro/libgba/lib/libgba.a(interrupt.o)
                0x0000000003000168                IntrTable
                0x00000000030001e0                . = ALIGN (0x4)
                0x00000000030001e0                __bss_end__ = ABSOLUTE (.)

.data           0x00000000030001e0     0x1950 load address 0x000000000200e034
                0x00000000030001e0                __data_start__ = ABSOLUTE (.)
 *(.data)
 .data          0x00000000030001e0       0x44 /opt/devkitpro/devkitARM/lib/gcc/arm-none-eabi/5.3.0/../../../../arm-none-eabi/lib/thumb/libsysbase.a(iosupport.o)
                0x00000000030001e4                devoptab_list
 .data          0x0000000003000224     0x1028 /opt/devkitpro/devkitARM/lib/gcc/arm-none-eabi/5.3.0/../../../../arm-none-eabi/lib/thumb/libsysbase.a(handle_manager.o)
 *(.data.*)
 *fill*         0x000000000300124c        0x4 ff
 .data.impure_data
                0x0000000003001250      0x440 /opt/devkitpro/devkitARM/lib/gcc/arm-none-eabi/5.3.0/../../../../arm-none-eabi/lib/thumb/libg.a(lib_a-impure.o)
 .data._impure_ptr
                0x0000000003001690        0x4 /opt/devkitpro/devkitARM/lib/gcc/arm-none-eabi/5.3.0/../../../../arm-none-eabi/lib/thumb/libg.a(lib_a-impure.o)
                0x0000000003001690                _impure_ptr
 .data.__wctomb
                0x0000000003001694        0x4 /opt/devkitpro/devkitARM/lib/gcc/arm-none-eabi/5.3.0/../../../../arm-none-eabi/lib/thumb/libg.a(lib_a-wctomb_r.o)
                0x0000000003001694                __wctomb
 .data.__ctype_ptr__
                0x0000000003001698        0x4 /opt/devkitpro/devkitARM/lib/gcc/arm-none-eabi/5.3.0/../../../../arm-none-eabi/lib/thumb/libg.a(lib_a-ctype_.o)
                0x0000000003001698                __ctype_ptr__
 .data.__sfp_lock
                0x000000000300169c        0xc /opt/devkitpro/devkitARM/lib/gcc/arm-none-eabi/5.3.0/../../../../arm-none-eabi/lib/thumb/libg.a(lib_a-findfp.o)
 .data.__sinit_lock
                0x00000000030016a8        0xc /opt/devkitpro/devkitARM/lib/gcc/arm-none-eabi/5.3.0/../../../../arm-none-eabi/lib/thumb/libg.a(lib_a-findfp.o)
 .data.lconv    0x00000000030016b4       0x38 /opt/devkitpro/devkitARM/lib/gcc/arm-none-eabi/5.3.0/../../../../arm-none-eabi/lib/thumb/libg.a(lib_a-locale.o)
 .data.lc_ctype_charset
                0x00000000030016ec       0x20 /opt/devkitpro/devkitARM/lib/gcc/arm-none-eabi/5.3.0/../../../../arm-none-eabi/lib/thumb/libg.a(lib_a-locale.o)
 .data.__mb_cur_max
                0x000000000300170c        0x4 /opt/devkitpro/devkitARM/lib/gcc/arm-none-eabi/5.3.0/../../../../arm-none-eabi/lib/thumb/libg.a(lib_a-locale.o)
                0x000000000300170c                __mb_cur_max
 .data.__malloc_av_
                0x0000000003001710      0x408 /opt/devkitpro/devkitARM/lib/gcc/arm-none-eabi/5.3.0/../../../../arm-none-eabi/lib/thumb/libg.a(lib_a-mallocr.o)
                0x0000000003001710                __malloc_av_
 .data.__malloc_trim_threshold
                0x0000000003001b18        0x4 /opt/devkitpro/devkitARM/lib/gcc/arm-none-eabi/5.3.0/../../../../arm-none-eabi/lib/thumb/libg.a(lib_a-mallocr.o)
                0x0000000003001b18                __malloc_trim_threshold
 .data.__malloc_sbrk_base
                0x0000000003001b1c        0x4 /opt/devkitpro/devkitARM/lib/gcc/arm-none-eabi/5.3.0/../../../../arm-none-eabi/lib/thumb/libg.a(lib_a-mallocr.o)
                0x0000000003001b1c                __malloc_sbrk_base
 .data.__mbtowc
                0x0000000003001b20        0x4 /opt/devkitpro/devkitARM/lib/gcc/arm-none-eabi/5.3.0/../../../../arm-none-eabi/lib/thumb/libg.a(lib_a-mbtowc_r.o)
                0x0000000003001b20                __mbtowc
 .data.__malloc_lock_object
                0x0000000003001b24        0xc /opt/devkitpro/devkitARM/lib/gcc/arm-none-eabi/5.3.0/../../../../arm-none-eabi/lib/thumb/libg.a(lib_a-mlock.o)
 *(.gnu.linkonce.d*)
                0x0000000003001b30                . = ALIGN (0x4)
                0x0000000003001b30                __data_end__ = ABSOLUTE (.)
                0x000000000200f984                __iwram_overlay_lma = (__data_lma + SIZEOF (.data))
                [!provide]                        PROVIDE (edata, .)
                0x0000000003001b30                __iwram_overlay_start = .

.igot.plt       0x0000000003001b30        0x0 load address 0x000000000200f984
 .igot.plt      0x0000000003001b30        0x0 /opt/devkitpro/devkitARM/lib/gcc/arm-none-eabi/5.3.0/../../../../arm-none-eabi/lib/thumb/gba_crt0.o

.tm_clone_table
                0x0000000003001b30        0x0 load address 0x000000000200f984
 .tm_clone_table
                0x0000000003001b30        0x0 /opt/devkitpro/devkitARM/lib/gcc/arm-none-eabi/5.3.0/thumb/crtbegin.o
 .tm_clone_table
                0x0000000003001b30        0x0 /opt/devkitpro/devkitARM/lib/gcc/arm-none-eabi/5.3.0/thumb/crtend.o

.iwram0         0x0000000003001b30        0x0 load address 0x000000000200f984
 *(.iwram0)
                0x0000000003001b30                . = ALIGN (0x4)
                0x000000000200f984                PROVIDE (__load_start_iwram0, LOADADDR (.iwram0))
                0x000000000200f984                PROVIDE (__load_stop_iwram0, (LOADADDR (.iwram0) + SIZEOF (.iwram0)))

.iwram1         0x0000000003001b30        0x0
 *(.iwram1)
                0x0000000003001b30                . = ALIGN (0x4)
                [!provide]                        PROVIDE (__load_start_iwram1, LOADADDR (.iwram1))
                [!provide]                        PROVIDE (__load_stop_iwram1, (LOADADDR (.iwram1) + SIZEOF (.iwram1)))

.iwram2         0x0000000003001b30        0x0
 *(.iwram2)
                0x0000000003001b30                . = ALIGN (0x4)
                [!provide]                        PROVIDE (__load_start_iwram2, LOADADDR (.iwram2))
                [!provide]                        PROVIDE (__load_stop_iwram2, (LOADADDR (.iwram2) + SIZEOF (.iwram2)))

.iwram3         0x0000000003001b30        0x0
 *(.iwram3)
                0x0000000003001b30                . = ALIGN (0x4)
                [!provide]                        PROVIDE (__load_start_iwram3, LOADADDR (.iwram3))
                [!provide]                        PROVIDE (__load_stop_iwram3, (LOADADDR (.iwram3) + SIZEOF (.iwram3)))

.iwram4         0x0000000003001b30        0x0
 *(.iwram4)
                0x0000000003001b30                . = ALIGN (0x4)
                [!provide]                        PROVIDE (__load_start_iwram4, LOADADDR (.iwram4))
                [!provide]                        PROVIDE (__load_stop_iwram4, (LOADADDR (.iwram4) + SIZEOF (.iwram4)))

.iwram5         0x0000000003001b30        0x0
 *(.iwram5)
                0x0000000003001b30                . = ALIGN (0x4)
                [!provide]                        PROVIDE (__load_start_iwram5, LOADADDR (.iwram5))
                [!provide]                        PROVIDE (__load_stop_iwram5, (LOADADDR (.iwram5) + SIZEOF (.iwram5)))

.iwram6         0x0000000003001b30        0x0
 *(.iwram6)
                0x0000000003001b30                . = ALIGN (0x4)
                [!provide]                        PROVIDE (__load_start_iwram6, LOADADDR (.iwram6))
                [!provide]                        PROVIDE (__load_stop_iwram6, (LOADADDR (.iwram6) + SIZEOF (.iwram6)))

.iwram7         0x0000000003001b30        0x0
 *(.iwram7)
                0x0000000003001b30                . = ALIGN (0x4)
                [!provide]                        PROVIDE (__load_start_iwram7, LOADADDR (.iwram7))
                [!provide]                        PROVIDE (__load_stop_iwram7, (LOADADDR (.iwram7) + SIZEOF (.iwram7)))

.iwram8         0x0000000003001b30        0x0
 *(.iwram8)
                0x0000000003001b30                . = ALIGN (0x4)
                [!provide]                        PROVIDE (__load_start_iwram8, LOADADDR (.iwram8))
                [!provide]                        PROVIDE (__load_stop_iwram8, (LOADADDR (.iwram8) + SIZEOF (.iwram8)))

.iwram9         0x0000000003001b30        0x0
 *(.iwram9)
                0x0000000003001b30                . = ALIGN (0x4)
                [!provide]                        PROVIDE (__load_start_iwram9, LOADADDR (.iwram9))
                [!provide]                        PROVIDE (__load_stop_iwram9, (LOADADDR (.iwram9) + SIZEOF (.iwram9)))
                0x000000000200f984                __ewram_lma = ((((((((((LOADADDR (.iwram0) + SIZEOF (.iwram0)) + SIZEOF (.iwram1)) + SIZEOF (.iwram2)) + SIZEOF (.iwram3)) + SIZEOF (.iwram4)) + SIZEOF (.iwram5)) + SIZEOF (.iwram6)) + SIZEOF (.iwram7)) + SIZEOF (.iwram8)) + SIZEOF (.iwram9))
                0x000000000200f984                __iwram_overlay_end = __ewram_lma
                0x000000000200f984                __ewram_start = __ewram_lma

.ewram          0x000000000200f984        0x0
 *(.ewram)
                0x000000000200f984                . = ALIGN (0x4)
                0x000000000200f984                __ewram_end = ABSOLUTE (.)
                0x000000000200f984                __ewram_overlay_lma = (__ewram_lma + SIZEOF (.ewram))

.sbss           0x000000000200f984        0x0
                0x000000000200f984                __sbss_start__ = ABSOLUTE (.)
 *(.sbss)
                0x000000000200f984                . = ALIGN (0x4)
                0x000000000200f984                __sbss_end__ = ABSOLUTE (.)
                0x000000000200f984                __end__ = ABSOLUTE (.)
                0x000000000200f984                __eheap_start = ABSOLUTE (.)

.ewram0         0x000000000200f984        0x0
 *(.ewram0)
                0x000000000200f984                . = ALIGN (0x4)
                [!provide]                        PROVIDE (__load_start_ewram0, LOADADDR (.ewram0))
                [!provide]                        PROVIDE (__load_stop_ewram0, (LOADADDR (.ewram0) + SIZEOF (.ewram0)))

.ewram1         0x000000000200f984        0x0
 *(.ewram1)
                0x000000000200f984                . = ALIGN (0x4)
                [!provide]                        PROVIDE (__load_start_ewram1, LOADADDR (.ewram1))
                [!provide]                        PROVIDE (__load_stop_ewram1, (LOADADDR (.ewram1) + SIZEOF (.ewram1)))

.ewram2         0x000000000200f984        0x0
 *(.ewram2)
                0x000000000200f984                . = ALIGN (0x4)
                [!provide]                        PROVIDE (__load_start_ewram2, LOADADDR (.ewram2))
                [!provide]                        PROVIDE (__load_stop_ewram2, (LOADADDR (.ewram2) + SIZEOF (.ewram2)))

.ewram3         0x000000000200f984        0x0
 *(.ewram3)
                0x000000000200f984                . = ALIGN (0x4)
                [!provide]                        PROVIDE (__load_start_ewram3, LOADADDR (.ewram3))
                [!provide]                        PROVIDE (__load_stop_ewram3, (LOADADDR (.ewram3) + SIZEOF (.ewram3)))

.ewram4         0x000000000200f984        0x0
 *(.ewram4)
                0x000000000200f984                . = ALIGN (0x4)
                [!provide]                        PROVIDE (__load_start_ewram4, LOADADDR (.ewram4))
                [!provide]                        PROVIDE (__load_stop_ewram4, (LOADADDR (.ewram4) + SIZEOF (.ewram4)))

.ewram5         0x000000000200f984        0x0
 *(.ewram5)
                0x000000000200f984                . = ALIGN (0x4)
                [!provide]                        PROVIDE (__load_start_ewram5, LOADADDR (.ewram5))
                [!provide]                        PROVIDE (__load_stop_ewram5, (LOADADDR (.ewram5) + SIZEOF (.ewram5)))

.ewram6         0x000000000200f984        0x0
 *(.ewram6)
                0x000000000200f984                . = ALIGN (0x4)
                [!provide]                        PROVIDE (__load_start_ewram6, LOADADDR (.ewram6))
                [!provide]                        PROVIDE (__load_stop_ewram6, (LOADADDR (.ewram6) + SIZEOF (.ewram6)))

.ewram7         0x000000000200f984        0x0
 *(.ewram7)
                0x000000000200f984                . = ALIGN (0x4)
                [!provide]                        PROVIDE (__load_start_ewram7, LOADADDR (.ewram7))
                [!provide]                        PROVIDE (__load_stop_ewram7, (LOADADDR (.ewram7) + SIZEOF (.ewram7)))

.ewram8         0x000000000200f984        0x0
 *(.ewram8)
                0x000000000200f984                . = ALIGN (0x4)
                [!provide]                        PROVIDE (__load_start_ewram8, LOADADDR (.ewram8))
                [!provide]                        PROVIDE (__load_stop_ewram8, (LOADADDR (.ewram8) + SIZEOF (.ewram8)))

.ewram9         0x000000000200f984        0x0
 *(.ewram9)
                0x000000000200f984                . = ALIGN (0x4)
                [!provide]                        PROVIDE (__load_start_ewram9, LOADADDR (.ewram9))
                [!provide]                        PROVIDE (__load_stop_ewram9, (LOADADDR (.ewram9) + SIZEOF (.ewram9)))
                0x000000000200f984                __ewram_overlay_end = ABSOLUTE (.)
                0x000000000200f984                __eheap_start = __ewram_overlay_end
                0x000000000200f984                _end = __ewram_overlay_end
                0x000000000200f984                __end__ = __ewram_overlay_end
                0x000000000200f984                __rom_end__ = __ewram_overlay_end

.stab
 *(.stab)

.stabstr
 *(.stabstr)

.stab.excl
 *(.stab.excl)

.stab.exclstr
 *(.stab.exclstr)

.stab.index
 *(.stab.index)

.stab.indexstr
 *(.stab.indexstr)

.comment        0x0000000000000000       0x8b
 *(.comment)
 .comment       0x0000000000000000       0x22 /opt/devkitpro/devkitARM/lib/gcc/arm-none-eabi/5.3.0/thumb/crtbegin.o
                                         0x23 (size before relaxing)
 .comment       0x0000000000000022       0x23 template.o
 .comment       0x0000000000000022       0x23 /opt/devkitpro/libgba/lib/libgba.a(console.o)
 .comment       0x0000000000000045       0x23 /opt/devkitpro/libgba/lib/libgba.a(interrupt.o)
 .comment       0x0000000000000068       0x23 /opt/devkitpro/libgba/lib/libgba.a(CpuSet.o)
 .comment       0x000000000000008b       0x23 /opt/devkitpro/devkitARM/lib/gcc/arm-none-eabi/5.3.0/../../../../arm-none-eabi/lib/thumb/libg.a(lib_a-impure.o)
 .comment       0x000000000000008b       0x23 /opt/devkitpro/devkitARM/lib/gcc/arm-none-eabi/5.3.0/../../../../arm-none-eabi/lib/thumb/libg.a(lib_a-init.o)
 .comment       0x000000000000008b       0x23 /opt/devkitpro/devkitARM/lib/gcc/arm-none-eabi/5.3.0/../../../../arm-none-eabi/lib/thumb/libg.a(lib_a-iprintf.o)
 .comment       0x000000000000008b       0x23 /opt/devkitpro/devkitARM/lib/gcc/arm-none-eabi/5.3.0/../../../../arm-none-eabi/lib/thumb/libg.a(lib_a-setvbuf.o)
 .comment       0x000000000000008b       0x23 /opt/devkitpro/devkitARM/lib/gcc/arm-none-eabi/5.3.0/../../../../arm-none-eabi/lib/thumb/libg.a(lib_a-siscanf.o)
 .comment       0x000000000000008b       0x23 /opt/devkitpro/devkitARM/lib/gcc/arm-none-eabi/5.3.0/../../../../arm-none-eabi/lib/thumb/libg.a(lib_a-stdio.o)
 .comment       0x000000000000008b       0x23 /opt/devkitpro/devkitARM/lib/gcc/arm-none-eabi/5.3.0/../../../../arm-none-eabi/lib/thumb/libg.a(lib_a-strlen.o)
 .comment       0x000000000000008b       0x23 /opt/devkitpro/devkitARM/lib/gcc/arm-none-eabi/5.3.0/../../../../arm-none-eabi/lib/thumb/libg.a(lib_a-svfiscanf.o)
 .comment       0x000000000000008b       0x23 /opt/devkitpro/devkitARM/lib/gcc/arm-none-eabi/5.3.0/../../../../arm-none-eabi/lib/thumb/libg.a(lib_a-ungetc.o)
 .comment       0x000000000000008b       0x23 /opt/devkitpro/devkitARM/lib/gcc/arm-none-eabi/5.3.0/../../../../arm-none-eabi/lib/thumb/libg.a(lib_a-vfiprintf.o)
 .comment       0x000000000000008b       0x23 /opt/devkitpro/devkitARM/lib/gcc/arm-none-eabi/5.3.0/../../../../arm-none-eabi/lib/thumb/libg.a(lib_a-wcrtomb.o)
 .comment       0x000000000000008b       0x23 /opt/devkitpro/devkitARM/lib/gcc/arm-none-eabi/5.3.0/../../../../arm-none-eabi/lib/thumb/libg.a(lib_a-wcsrtombs.o)
 .comment       0x000000000000008b       0x23 /opt/devkitpro/devkitARM/lib/gcc/arm-none-eabi/5.3.0/../../../../arm-none-eabi/lib/thumb/libg.a(lib_a-wctomb_r.o)
 .comment       0x000000000000008b       0x23 /opt/devkitpro/devkitARM/lib/gcc/arm-none-eabi/5.3.0/../../../../arm-none-eabi/lib/thumb/libg.a(lib_a-wsetup.o)
 .comment       0x000000000000008b       0x23 /opt/devkitpro/devkitARM/lib/gcc/arm-none-eabi/5.3.0/../../../../arm-none-eabi/lib/thumb/libg.a(lib_a-ctype_.o)
 .comment       0x000000000000008b       0x23 /opt/devkitpro/devkitARM/lib/gcc/arm-none-eabi/5.3.0/../../../../arm-none-eabi/lib/thumb/libg.a(lib_a-fflush.o)
 .comment       0x000000000000008b       0x23 /opt/devkitpro/devkitARM/lib/gcc/arm-none-eabi/5.3.0/../../../../arm-none-eabi/lib/thumb/libg.a(lib_a-findfp.o)
 .comment       0x000000000000008b       0x23 /opt/devkitpro/devkitARM/lib/gcc/arm-none-eabi/5.3.0/../../../../arm-none-eabi/lib/thumb/libg.a(lib_a-fputwc.o)
 .comment       0x000000000000008b       0x23 /opt/devkitpro/devkitARM/lib/gcc/arm-none-eabi/5.3.0/../../../../arm-none-eabi/lib/thumb/libg.a(lib_a-freer.o)
 .comment       0x000000000000008b       0x23 /opt/devkitpro/devkitARM/lib/gcc/arm-none-eabi/5.3.0/../../../../arm-none-eabi/lib/thumb/libg.a(lib_a-fvwrite.o)
 .comment       0x000000000000008b       0x23 /opt/devkitpro/devkitARM/lib/gcc/arm-none-eabi/5.3.0/../../../../arm-none-eabi/lib/thumb/libg.a(lib_a-fwalk.o)
 .comment       0x000000000000008b       0x23 /opt/devkitpro/devkitARM/lib/gcc/arm-none-eabi/5.3.0/../../../../arm-none-eabi/lib/thumb/libg.a(lib_a-iswspace.o)
 .comment       0x000000000000008b       0x23 /opt/devkitpro/devkitARM/lib/gcc/arm-none-eabi/5.3.0/../../../../arm-none-eabi/lib/thumb/libg.a(lib_a-jp2uc.o)
 .comment       0x000000000000008b       0x23 /opt/devkitpro/devkitARM/lib/gcc/arm-none-eabi/5.3.0/../../../../arm-none-eabi/lib/thumb/libg.a(lib_a-locale.o)
 .comment       0x000000000000008b       0x23 /opt/devkitpro/devkitARM/lib/gcc/arm-none-eabi/5.3.0/../../../../arm-none-eabi/lib/thumb/libg.a(lib_a-makebuf.o)
 .comment       0x000000000000008b       0x23 /opt/devkitpro/devkitARM/lib/gcc/arm-none-eabi/5.3.0/../../../../arm-none-eabi/lib/thumb/libg.a(lib_a-malloc.o)
 .comment       0x000000000000008b       0x23 /opt/devkitpro/devkitARM/lib/gcc/arm-none-eabi/5.3.0/../../../../arm-none-eabi/lib/thumb/libg.a(lib_a-mallocr.o)
 .comment       0x000000000000008b       0x23 /opt/devkitpro/devkitARM/lib/gcc/arm-none-eabi/5.3.0/../../../../arm-none-eabi/lib/thumb/libg.a(lib_a-mbrtowc.o)
 .comment       0x000000000000008b       0x23 /opt/devkitpro/devkitARM/lib/gcc/arm-none-eabi/5.3.0/../../../../arm-none-eabi/lib/thumb/libg.a(lib_a-mbtowc_r.o)
 .comment       0x000000000000008b       0x23 /opt/devkitpro/devkitARM/lib/gcc/arm-none-eabi/5.3.0/../../../../arm-none-eabi/lib/thumb/libg.a(lib_a-memchr.o)
 .comment       0x000000000000008b       0x23 /opt/devkitpro/devkitARM/lib/gcc/arm-none-eabi/5.3.0/../../../../arm-none-eabi/lib/thumb/libg.a(lib_a-memcpy.o)
 .comment       0x000000000000008b       0x23 /opt/devkitpro/devkitARM/lib/gcc/arm-none-eabi/5.3.0/../../../../arm-none-eabi/lib/thumb/libg.a(lib_a-memmove.o)
 .comment       0x000000000000008b       0x23 /opt/devkitpro/devkitARM/lib/gcc/arm-none-eabi/5.3.0/../../../../arm-none-eabi/lib/thumb/libg.a(lib_a-memset.o)
 .comment       0x000000000000008b       0x23 /opt/devkitpro/devkitARM/lib/gcc/arm-none-eabi/5.3.0/../../../../arm-none-eabi/lib/thumb/libg.a(lib_a-mlock.o)
 .comment       0x000000000000008b       0x23 /opt/devkitpro/devkitARM/lib/gcc/arm-none-eabi/5.3.0/../../../../arm-none-eabi/lib/thumb/libg.a(lib_a-reallocr.o)
 .comment       0x000000000000008b       0x23 /opt/devkitpro/devkitARM/lib/gcc/arm-none-eabi/5.3.0/../../../../arm-none-eabi/lib/thumb/libg.a(lib_a-sccl.o)
 .comment       0x000000000000008b       0x23 /opt/devkitpro/devkitARM/lib/gcc/arm-none-eabi/5.3.0/../../../../arm-none-eabi/lib/thumb/libg.a(lib_a-strchr.o)
 .comment       0x000000000000008b       0x23 /opt/devkitpro/devkitARM/lib/gcc/arm-none-eabi/5.3.0/../../../../arm-none-eabi/lib/thumb/libg.a(lib_a-strncmp.o)
 .comment       0x000000000000008b       0x23 /opt/devkitpro/devkitARM/lib/gcc/arm-none-eabi/5.3.0/../../../../arm-none-eabi/lib/thumb/libg.a(lib_a-strncpy.o)
 .comment       0x000000000000008b       0x23 /opt/devkitpro/devkitARM/lib/gcc/arm-none-eabi/5.3.0/../../../../arm-none-eabi/lib/thumb/libg.a(lib_a-strtoll_r.o)
 .comment       0x000000000000008b       0x23 /opt/devkitpro/devkitARM/lib/gcc/arm-none-eabi/5.3.0/../../../../arm-none-eabi/lib/thumb/libg.a(lib_a-strtol.o)
 .comment       0x000000000000008b       0x23 /opt/devkitpro/devkitARM/lib/gcc/arm-none-eabi/5.3.0/../../../../arm-none-eabi/lib/thumb/libg.a(lib_a-strtoull_r.o)
 .comment       0x000000000000008b       0x23 /opt/devkitpro/devkitARM/lib/gcc/arm-none-eabi/5.3.0/../../../../arm-none-eabi/lib/thumb/libg.a(lib_a-strtoul.o)
 .comment       0x000000000000008b       0x23 /opt/devkitpro/devkitARM/lib/gcc/arm-none-eabi/5.3.0/../../../../arm-none-eabi/lib/thumb/libg.a(lib_a-svfiprintf.o)
 .comment       0x000000000000008b       0x23 /opt/devkitpro/devkitARM/lib/gcc/arm-none-eabi/5.3.0/../../../../arm-none-eabi/lib/thumb/libg.a(lib_a-wbuf.o)
 .comment       0x000000000000008b       0x23 /opt/devkitpro/devkitARM/lib/gcc/arm-none-eabi/5.3.0/../../../../arm-none-eabi/lib/thumb/libg.a(lib_a-wcsnrtombs.o)
 .comment       0x000000000000008b       0x23 /opt/devkitpro/devkitARM/lib/gcc/arm-none-eabi/5.3.0/../../../../arm-none-eabi/lib/thumb/libg.a(lib_a-fclose.o)
 .comment       0x000000000000008b       0x23 /opt/devkitpro/devkitARM/lib/gcc/arm-none-eabi/5.3.0/../../../../arm-none-eabi/lib/thumb/libsysbase.a(iosupport.o)
 .comment       0x000000000000008b       0x23 /opt/devkitpro/devkitARM/lib/gcc/arm-none-eabi/5.3.0/../../../../arm-none-eabi/lib/thumb/libsysbase.a(close.o)
 .comment       0x000000000000008b       0x23 /opt/devkitpro/devkitARM/lib/gcc/arm-none-eabi/5.3.0/../../../../arm-none-eabi/lib/thumb/libsysbase.a(fstat.o)
 .comment       0x000000000000008b       0x23 /opt/devkitpro/devkitARM/lib/gcc/arm-none-eabi/5.3.0/../../../../arm-none-eabi/lib/thumb/libsysbase.a(isatty.o)
 .comment       0x000000000000008b       0x23 /opt/devkitpro/devkitARM/lib/gcc/arm-none-eabi/5.3.0/../../../../arm-none-eabi/lib/thumb/libsysbase.a(lseek.o)
 .comment       0x000000000000008b       0x23 /opt/devkitpro/devkitARM/lib/gcc/arm-none-eabi/5.3.0/../../../../arm-none-eabi/lib/thumb/libsysbase.a(read.o)
 .comment       0x000000000000008b       0x23 /opt/devkitpro/devkitARM/lib/gcc/arm-none-eabi/5.3.0/../../../../arm-none-eabi/lib/thumb/libsysbase.a(sbrk.o)
 .comment       0x000000000000008b       0x23 /opt/devkitpro/devkitARM/lib/gcc/arm-none-eabi/5.3.0/../../../../arm-none-eabi/lib/thumb/libsysbase.a(write.o)
 .comment       0x000000000000008b       0x23 /opt/devkitpro/devkitARM/lib/gcc/arm-none-eabi/5.3.0/../../../../arm-none-eabi/lib/thumb/libsysbase.a(malloc_vars.o)
 .comment       0x000000000000008b       0x23 /opt/devkitpro/devkitARM/lib/gcc/arm-none-eabi/5.3.0/../../../../arm-none-eabi/lib/thumb/libsysbase.a(flock.o)
 .comment       0x000000000000008b       0x23 /opt/devkitpro/devkitARM/lib/gcc/arm-none-eabi/5.3.0/../../../../arm-none-eabi/lib/thumb/libsysbase.a(syscall_support.o)
 .comment       0x000000000000008b       0x23 /opt/devkitpro/devkitARM/lib/gcc/arm-none-eabi/5.3.0/../../../../arm-none-eabi/lib/thumb/libsysbase.a(handle_manager.o)
 .comment       0x000000000000008b       0x23 /opt/devkitpro/devkitARM/lib/gcc/arm-none-eabi/5.3.0/../../../../arm-none-eabi/lib/thumb/libsysbase.a(getreent.o)
 .comment       0x000000000000008b       0x23 /opt/devkitpro/devkitARM/lib/gcc/arm-none-eabi/5.3.0/thumb/libgcc.a(_muldi3.o)
 .comment       0x000000000000008b       0x23 /opt/devkitpro/devkitARM/lib/gcc/arm-none-eabi/5.3.0/thumb/libgcc.a(_udivmoddi4.o)
 .comment       0x000000000000008b       0x23 /opt/devkitpro/devkitARM/lib/gcc/arm-none-eabi/5.3.0/../../../../arm-none-eabi/lib/thumb/libg.a(lib_a-errno.o)
 .comment       0x000000000000008b       0x23 /opt/devkitpro/devkitARM/lib/gcc/arm-none-eabi/5.3.0/thumb/crtend.o

.ARM.attributes
                0x0000000000000000       0x2b
 .ARM.attributes
                0x0000000000000000       0x16 /opt/devkitpro/devkitARM/lib/gcc/arm-none-eabi/5.3.0/../../../../arm-none-eabi/lib/thumb/gba_crt0.o
 .ARM.attributes
                0x0000000000000016       0x16 /opt/devkitpro/devkitARM/lib/gcc/arm-none-eabi/5.3.0/thumb/crti.o
 .ARM.attributes
                0x000000000000002c       0x30 /opt/devkitpro/devkitARM/lib/gcc/arm-none-eabi/5.3.0/thumb/crtbegin.o
 .ARM.attributes
                0x000000000000005c       0x2c template.o
 .ARM.attributes
                0x0000000000000088       0x2e /opt/devkitpro/libgba/lib/libgba.a(console.o)
 .ARM.attributes
                0x00000000000000b6       0x2e /opt/devkitpro/libgba/lib/libgba.a(interrupt.o)
 .ARM.attributes
                0x00000000000000e4       0x1e /opt/devkitpro/libgba/lib/libgba.a(InterruptDispatcher.o)
 .ARM.attributes
                0x0000000000000102       0x10 /opt/devkitpro/libgba/lib/libgba.a(amiga.fnt.o)
 .ARM.attributes
                0x0000000000000112       0x2e /opt/devkitpro/libgba/lib/libgba.a(CpuSet.o)
 .ARM.attributes
                0x0000000000000140       0x30 /opt/devkitpro/devkitARM/lib/gcc/arm-none-eabi/5.3.0/../../../../arm-none-eabi/lib/thumb/libg.a(lib_a-impure.o)
 .ARM.attributes
                0x0000000000000170       0x30 /opt/devkitpro/devkitARM/lib/gcc/arm-none-eabi/5.3.0/../../../../arm-none-eabi/lib/thumb/libg.a(lib_a-init.o)
 .ARM.attributes
                0x00000000000001a0       0x30 /opt/devkitpro/devkitARM/lib/gcc/arm-none-eabi/5.3.0/../../../../arm-none-eabi/lib/thumb/libg.a(lib_a-iprintf.o)
 .ARM.attributes
                0x00000000000001d0       0x30 /opt/devkitpro/devkitARM/lib/gcc/arm-none-eabi/5.3.0/../../../../arm-none-eabi/lib/thumb/libg.a(lib_a-setvbuf.o)
 .ARM.attributes
                0x0000000000000200       0x30 /opt/devkitpro/devkitARM/lib/gcc/arm-none-eabi/5.3.0/../../../../arm-none-eabi/lib/thumb/libg.a(lib_a-siscanf.o)
 .ARM.attributes
                0x0000000000000230       0x30 /opt/devkitpro/devkitARM/lib/gcc/arm-none-eabi/5.3.0/../../../../arm-none-eabi/lib/thumb/libg.a(lib_a-stdio.o)
 .ARM.attributes
                0x0000000000000260       0x30 /opt/devkitpro/devkitARM/lib/gcc/arm-none-eabi/5.3.0/../../../../arm-none-eabi/lib/thumb/libg.a(lib_a-strlen.o)
 .ARM.attributes
                0x0000000000000290       0x30 /opt/devkitpro/devkitARM/lib/gcc/arm-none-eabi/5.3.0/../../../../arm-none-eabi/lib/thumb/libg.a(lib_a-svfiscanf.o)
 .ARM.attributes
                0x00000000000002c0       0x30 /opt/devkitpro/devkitARM/lib/gcc/arm-none-eabi/5.3.0/../../../../arm-none-eabi/lib/thumb/libg.a(lib_a-ungetc.o)
 .ARM.attributes
                0x00000000000002f0       0x30 /opt/devkitpro/devkitARM/lib/gcc/arm-none-eabi/5.3.0/../../../../arm-none-eabi/lib/thumb/libg.a(lib_a-vfiprintf.o)
 .ARM.attributes
                0x0000000000000320       0x30 /opt/devkitpro/devkitARM/lib/gcc/arm-none-eabi/5.3.0/../../../../arm-none-eabi/lib/thumb/libg.a(lib_a-wcrtomb.o)
 .ARM.attributes
                0x0000000000000350       0x30 /opt/devkitpro/devkitARM/lib/gcc/arm-none-eabi/5.3.0/../../../../arm-none-eabi/lib/thumb/libg.a(lib_a-wcsrtombs.o)
 .ARM.attributes
                0x0000000000000380       0x30 /opt/devkitpro/devkitARM/lib/gcc/arm-none-eabi/5.3.0/../../../../arm-none-eabi/lib/thumb/libg.a(lib_a-wctomb_r.o)
 .ARM.attributes
                0x00000000000003b0       0x30 /opt/devkitpro/devkitARM/lib/gcc/arm-none-eabi/5.3.0/../../../../arm-none-eabi/lib/thumb/libg.a(lib_a-wsetup.o)
 .ARM.attributes
                0x00000000000003e0       0x30 /opt/devkitpro/devkitARM/lib/gcc/arm-none-eabi/5.3.0/../../../../arm-none-eabi/lib/thumb/libg.a(lib_a-ctype_.o)
 .ARM.attributes
                0x0000000000000410       0x30 /opt/devkitpro/devkitARM/lib/gcc/arm-none-eabi/5.3.0/../../../../arm-none-eabi/lib/thumb/libg.a(lib_a-fflush.o)
 .ARM.attributes
                0x0000000000000440       0x30 /opt/devkitpro/devkitARM/lib/gcc/arm-none-eabi/5.3.0/../../../../arm-none-eabi/lib/thumb/libg.a(lib_a-findfp.o)
 .ARM.attributes
                0x0000000000000470       0x30 /opt/devkitpro/devkitARM/lib/gcc/arm-none-eabi/5.3.0/../../../../arm-none-eabi/lib/thumb/libg.a(lib_a-fputwc.o)
 .ARM.attributes
                0x00000000000004a0       0x30 /opt/devkitpro/devkitARM/lib/gcc/arm-none-eabi/5.3.0/../../../../arm-none-eabi/lib/thumb/libg.a(lib_a-freer.o)
 .ARM.attributes
                0x00000000000004d0       0x30 /opt/devkitpro/devkitARM/lib/gcc/arm-none-eabi/5.3.0/../../../../arm-none-eabi/lib/thumb/libg.a(lib_a-fvwrite.o)
 .ARM.attributes
                0x0000000000000500       0x30 /opt/devkitpro/devkitARM/lib/gcc/arm-none-eabi/5.3.0/../../../../arm-none-eabi/lib/thumb/libg.a(lib_a-fwalk.o)
 .ARM.attributes
                0x0000000000000530       0x30 /opt/devkitpro/devkitARM/lib/gcc/arm-none-eabi/5.3.0/../../../../arm-none-eabi/lib/thumb/libg.a(lib_a-iswspace.o)
 .ARM.attributes
                0x0000000000000560       0x30 /opt/devkitpro/devkitARM/lib/gcc/arm-none-eabi/5.3.0/../../../../arm-none-eabi/lib/thumb/libg.a(lib_a-jp2uc.o)
 .ARM.attributes
                0x0000000000000590       0x30 /opt/devkitpro/devkitARM/lib/gcc/arm-none-eabi/5.3.0/../../../../arm-none-eabi/lib/thumb/libg.a(lib_a-locale.o)
 .ARM.attributes
                0x00000000000005c0       0x30 /opt/devkitpro/devkitARM/lib/gcc/arm-none-eabi/5.3.0/../../../../arm-none-eabi/lib/thumb/libg.a(lib_a-makebuf.o)
 .ARM.attributes
                0x00000000000005f0       0x30 /opt/devkitpro/devkitARM/lib/gcc/arm-none-eabi/5.3.0/../../../../arm-none-eabi/lib/thumb/libg.a(lib_a-malloc.o)
 .ARM.attributes
                0x0000000000000620       0x30 /opt/devkitpro/devkitARM/lib/gcc/arm-none-eabi/5.3.0/../../../../arm-none-eabi/lib/thumb/libg.a(lib_a-mallocr.o)
 .ARM.attributes
                0x0000000000000650       0x30 /opt/devkitpro/devkitARM/lib/gcc/arm-none-eabi/5.3.0/../../../../arm-none-eabi/lib/thumb/libg.a(lib_a-mbrtowc.o)
 .ARM.attributes
                0x0000000000000680       0x30 /opt/devkitpro/devkitARM/lib/gcc/arm-none-eabi/5.3.0/../../../../arm-none-eabi/lib/thumb/libg.a(lib_a-mbtowc_r.o)
 .ARM.attributes
                0x00000000000006b0       0x30 /opt/devkitpro/devkitARM/lib/gcc/arm-none-eabi/5.3.0/../../../../arm-none-eabi/lib/thumb/libg.a(lib_a-memchr.o)
 .ARM.attributes
                0x00000000000006e0       0x30 /opt/devkitpro/devkitARM/lib/gcc/arm-none-eabi/5.3.0/../../../../arm-none-eabi/lib/thumb/libg.a(lib_a-memcpy.o)
 .ARM.attributes
                0x0000000000000710       0x30 /opt/devkitpro/devkitARM/lib/gcc/arm-none-eabi/5.3.0/../../../../arm-none-eabi/lib/thumb/libg.a(lib_a-memmove.o)
 .ARM.attributes
                0x0000000000000740       0x30 /opt/devkitpro/devkitARM/lib/gcc/arm-none-eabi/5.3.0/../../../../arm-none-eabi/lib/thumb/libg.a(lib_a-memset.o)
 .ARM.attributes
                0x0000000000000770       0x30 /opt/devkitpro/devkitARM/lib/gcc/arm-none-eabi/5.3.0/../../../../arm-none-eabi/lib/thumb/libg.a(lib_a-mlock.o)
 .ARM.attributes
                0x00000000000007a0       0x30 /opt/devkitpro/devkitARM/lib/gcc/arm-none-eabi/5.3.0/../../../../arm-none-eabi/lib/thumb/libg.a(lib_a-reallocr.o)
 .ARM.attributes
                0x00000000000007d0       0x30 /opt/devkitpro/devkitARM/lib/gcc/arm-none-eabi/5.3.0/../../../../arm-none-eabi/lib/thumb/libg.a(lib_a-sccl.o)
 .ARM.attributes
                0x0000000000000800       0x30 /opt/devkitpro/devkitARM/lib/gcc/arm-none-eabi/5.3.0/../../../../arm-none-eabi/lib/thumb/libg.a(lib_a-strchr.o)
 .ARM.attributes
                0x0000000000000830       0x16 /opt/devkitpro/devkitARM/lib/gcc/arm-none-eabi/5.3.0/../../../../arm-none-eabi/lib/thumb/libg.a(lib_a-strcmp.o)
 .ARM.attributes
                0x0000000000000846       0x30 /opt/devkitpro/devkitARM/lib/gcc/arm-none-eabi/5.3.0/../../../../arm-none-eabi/lib/thumb/libg.a(lib_a-strncmp.o)
 .ARM.attributes
                0x0000000000000876       0x30 /opt/devkitpro/devkitARM/lib/gcc/arm-none-eabi/5.3.0/../../../../arm-none-eabi/lib/thumb/libg.a(lib_a-strncpy.o)
 .ARM.attributes
                0x00000000000008a6       0x30 /opt/devkitpro/devkitARM/lib/gcc/arm-none-eabi/5.3.0/../../../../arm-none-eabi/lib/thumb/libg.a(lib_a-strtoll_r.o)
 .ARM.attributes
                0x00000000000008d6       0x30 /opt/devkitpro/devkitARM/lib/gcc/arm-none-eabi/5.3.0/../../../../arm-none-eabi/lib/thumb/libg.a(lib_a-strtol.o)
 .ARM.attributes
                0x0000000000000906       0x30 /opt/devkitpro/devkitARM/lib/gcc/arm-none-eabi/5.3.0/../../../../arm-none-eabi/lib/thumb/libg.a(lib_a-strtoull_r.o)
 .ARM.attributes
                0x0000000000000936       0x30 /opt/devkitpro/devkitARM/lib/gcc/arm-none-eabi/5.3.0/../../../../arm-none-eabi/lib/thumb/libg.a(lib_a-strtoul.o)
 .ARM.attributes
                0x0000000000000966       0x30 /opt/devkitpro/devkitARM/lib/gcc/arm-none-eabi/5.3.0/../../../../arm-none-eabi/lib/thumb/libg.a(lib_a-svfiprintf.o)
 .ARM.attributes
                0x0000000000000996       0x30 /opt/devkitpro/devkitARM/lib/gcc/arm-none-eabi/5.3.0/../../../../arm-none-eabi/lib/thumb/libg.a(lib_a-wbuf.o)
 .ARM.attributes
                0x00000000000009c6       0x30 /opt/devkitpro/devkitARM/lib/gcc/arm-none-eabi/5.3.0/../../../../arm-none-eabi/lib/thumb/libg.a(lib_a-wcsnrtombs.o)
 .ARM.attributes
                0x00000000000009f6       0x30 /opt/devkitpro/devkitARM/lib/gcc/arm-none-eabi/5.3.0/../../../../arm-none-eabi/lib/thumb/libg.a(lib_a-fclose.o)
 .ARM.attributes
                0x0000000000000a26       0x30 /opt/devkitpro/devkitARM/lib/gcc/arm-none-eabi/5.3.0/../../../../arm-none-eabi/lib/thumb/libsysbase.a(iosupport.o)
 .ARM.attributes
                0x0000000000000a56       0x30 /opt/devkitpro/devkitARM/lib/gcc/arm-none-eabi/5.3.0/../../../../arm-none-eabi/lib/thumb/libsysbase.a(close.o)
 .ARM.attributes
                0x0000000000000a86       0x30 /opt/devkitpro/devkitARM/lib/gcc/arm-none-eabi/5.3.0/../../../../arm-none-eabi/lib/thumb/libsysbase.a(fstat.o)
 .ARM.attributes
                0x0000000000000ab6       0x30 /opt/devkitpro/devkitARM/lib/gcc/arm-none-eabi/5.3.0/../../../../arm-none-eabi/lib/thumb/libsysbase.a(isatty.o)
 .ARM.attributes
                0x0000000000000ae6       0x30 /opt/devkitpro/devkitARM/lib/gcc/arm-none-eabi/5.3.0/../../../../arm-none-eabi/lib/thumb/libsysbase.a(lseek.o)
 .ARM.attributes
                0x0000000000000b16       0x30 /opt/devkitpro/devkitARM/lib/gcc/arm-none-eabi/5.3.0/../../../../arm-none-eabi/lib/thumb/libsysbase.a(read.o)
 .ARM.attributes
                0x0000000000000b46       0x30 /opt/devkitpro/devkitARM/lib/gcc/arm-none-eabi/5.3.0/../../../../arm-none-eabi/lib/thumb/libsysbase.a(sbrk.o)
 .ARM.attributes
                0x0000000000000b76       0x30 /opt/devkitpro/devkitARM/lib/gcc/arm-none-eabi/5.3.0/../../../../arm-none-eabi/lib/thumb/libsysbase.a(write.o)
 .ARM.attributes
                0x0000000000000ba6       0x30 /opt/devkitpro/devkitARM/lib/gcc/arm-none-eabi/5.3.0/../../../../arm-none-eabi/lib/thumb/libsysbase.a(malloc_vars.o)
 .ARM.attributes
                0x0000000000000bd6       0x30 /opt/devkitpro/devkitARM/lib/gcc/arm-none-eabi/5.3.0/../../../../arm-none-eabi/lib/thumb/libsysbase.a(flock.o)
 .ARM.attributes
                0x0000000000000c06       0x30 /opt/devkitpro/devkitARM/lib/gcc/arm-none-eabi/5.3.0/../../../../arm-none-eabi/lib/thumb/libsysbase.a(syscall_support.o)
 .ARM.attributes
                0x0000000000000c36       0x30 /opt/devkitpro/devkitARM/lib/gcc/arm-none-eabi/5.3.0/../../../../arm-none-eabi/lib/thumb/libsysbase.a(handle_manager.o)
 .ARM.attributes
                0x0000000000000c66       0x30 /opt/devkitpro/devkitARM/lib/gcc/arm-none-eabi/5.3.0/../../../../arm-none-eabi/lib/thumb/libsysbase.a(getreent.o)
 .ARM.attributes
                0x0000000000000c96       0x18 /opt/devkitpro/devkitARM/lib/gcc/arm-none-eabi/5.3.0/thumb/libgcc.a(_udivsi3.o)
 .ARM.attributes
                0x0000000000000cae       0x18 /opt/devkitpro/devkitARM/lib/gcc/arm-none-eabi/5.3.0/thumb/libgcc.a(_divsi3.o)
 .ARM.attributes
                0x0000000000000cc6       0x16 /opt/devkitpro/devkitARM/lib/gcc/arm-none-eabi/5.3.0/thumb/libgcc.a(_dvmd_tls.o)
 .ARM.attributes
                0x0000000000000cdc       0x18 /opt/devkitpro/devkitARM/lib/gcc/arm-none-eabi/5.3.0/thumb/libgcc.a(_aeabi_uldivmod.o)
 .ARM.attributes
                0x0000000000000cf4       0x30 /opt/devkitpro/devkitARM/lib/gcc/arm-none-eabi/5.3.0/thumb/libgcc.a(_muldi3.o)
 .ARM.attributes
                0x0000000000000d24       0x30 /opt/devkitpro/devkitARM/lib/gcc/arm-none-eabi/5.3.0/thumb/libgcc.a(_udivmoddi4.o)
 .ARM.attributes
                0x0000000000000d54       0x18 /opt/devkitpro/devkitARM/lib/gcc/arm-none-eabi/5.3.0/thumb/libgcc.a(_clzdi2.o)
 .ARM.attributes
                0x0000000000000d6c       0x18 /opt/devkitpro/devkitARM/lib/gcc/arm-none-eabi/5.3.0/thumb/libgcc.a(_clzsi2.o)
 .ARM.attributes
                0x0000000000000d84       0x30 /opt/devkitpro/devkitARM/lib/gcc/arm-none-eabi/5.3.0/../../../../arm-none-eabi/lib/thumb/libg.a(lib_a-errno.o)
 .ARM.attributes
                0x0000000000000db4       0x30 /opt/devkitpro/devkitARM/lib/gcc/arm-none-eabi/5.3.0/thumb/crtend.o
 .ARM.attributes
                0x0000000000000de4       0x16 /opt/devkitpro/devkitARM/lib/gcc/arm-none-eabi/5.3.0/thumb/crtn.o

.debug
 *(.debug)

.line
 *(.line)

.debug_srcinfo
 *(.debug_srcinfo)

.debug_sfnames
 *(.debug_sfnames)

.debug_aranges  0x0000000000000000       0xa0
 *(.debug_aranges)
 .debug_aranges
                0x0000000000000000       0x20 template.o
 .debug_aranges
                0x0000000000000020       0x20 /opt/devkitpro/libgba/lib/libgba.a(console.o)
 .debug_aranges
                0x0000000000000040       0x20 /opt/devkitpro/libgba/lib/libgba.a(interrupt.o)
 .debug_aranges
                0x0000000000000060       0x20 /opt/devkitpro/libgba/lib/libgba.a(InterruptDispatcher.o)
 .debug_aranges
                0x0000000000000080       0x20 /opt/devkitpro/libgba/lib/libgba.a(CpuSet.o)

.debug_pubnames
                0x0000000000000000      0x197
 *(.debug_pubnames)
 .debug_pubnames
                0x0000000000000000       0xc1 /opt/devkitpro/libgba/lib/libgba.a(console.o)
 .debug_pubnames
                0x00000000000000c1       0xaa /opt/devkitpro/libgba/lib/libgba.a(interrupt.o)
 .debug_pubnames
                0x000000000000016b       0x2c /opt/devkitpro/libgba/lib/libgba.a(CpuSet.o)

.debug_info     0x0000000000000000     0x1e6a
 *(.debug_info)
 .debug_info    0x0000000000000000      0x182 template.o
 .debug_info    0x0000000000000182     0x17e2 /opt/devkitpro/libgba/lib/libgba.a(console.o)
 .debug_info    0x0000000000001964      0x38c /opt/devkitpro/libgba/lib/libgba.a(interrupt.o)
 .debug_info    0x0000000000001cf0       0x94 /opt/devkitpro/libgba/lib/libgba.a(InterruptDispatcher.o)
 .debug_info    0x0000000000001d84       0xe6 /opt/devkitpro/libgba/lib/libgba.a(CpuSet.o)

.debug_abbrev   0x0000000000000000      0x745
 *(.debug_abbrev)
 .debug_abbrev  0x0000000000000000       0xd9 template.o
 .debug_abbrev  0x00000000000000d9      0x3f5 /opt/devkitpro/libgba/lib/libgba.a(console.o)
 .debug_abbrev  0x00000000000004ce      0x1de /opt/devkitpro/libgba/lib/libgba.a(interrupt.o)
 .debug_abbrev  0x00000000000006ac       0x14 /opt/devkitpro/libgba/lib/libgba.a(InterruptDispatcher.o)
 .debug_abbrev  0x00000000000006c0       0x85 /opt/devkitpro/libgba/lib/libgba.a(CpuSet.o)

.debug_line     0x0000000000000000      0x7f7
 *(.debug_line)
 .debug_line    0x0000000000000000      0x112 template.o
 .debug_line    0x0000000000000112      0x43e /opt/devkitpro/libgba/lib/libgba.a(console.o)
 .debug_line    0x0000000000000550      0x165 /opt/devkitpro/libgba/lib/libgba.a(interrupt.o)
 .debug_line    0x00000000000006b5       0x9c /opt/devkitpro/libgba/lib/libgba.a(InterruptDispatcher.o)
 .debug_line    0x0000000000000751       0xa6 /opt/devkitpro/libgba/lib/libgba.a(CpuSet.o)

.debug_frame    0x0000000000000000      0x248
 *(.debug_frame)
 .debug_frame   0x0000000000000000       0x28 template.o
 .debug_frame   0x0000000000000028      0x118 /opt/devkitpro/libgba/lib/libgba.a(console.o)
 .debug_frame   0x0000000000000140       0xd8 /opt/devkitpro/libgba/lib/libgba.a(interrupt.o)
 .debug_frame   0x0000000000000218       0x30 /opt/devkitpro/libgba/lib/libgba.a(CpuSet.o)

.debug_str      0x0000000000000000      0xcbb
 *(.debug_str)
 .debug_str     0x0000000000000000      0x22a template.o
                                        0x263 (size before relaxing)
 .debug_str     0x000000000000022a      0x92d /opt/devkitpro/libgba/lib/libgba.a(console.o)
                                        0xa54 (size before relaxing)
 .debug_str     0x0000000000000b57      0x112 /opt/devkitpro/libgba/lib/libgba.a(interrupt.o)
                                        0x210 (size before relaxing)
 .debug_str     0x0000000000000c69       0x52 /opt/devkitpro/libgba/lib/libgba.a(CpuSet.o)
                                         0xa7 (size before relaxing)

.debug_loc      0x0000000000000000      0x90d
 *(.debug_loc)
 .debug_loc     0x0000000000000000      0x707 /opt/devkitpro/libgba/lib/libgba.a(console.o)
 .debug_loc     0x0000000000000707      0x194 /opt/devkitpro/libgba/lib/libgba.a(interrupt.o)
 .debug_loc     0x000000000000089b       0x72 /opt/devkitpro/libgba/lib/libgba.a(CpuSet.o)

.debug_macinfo
 *(.debug_macinfo)

.debug_weaknames
 *(.debug_weaknames)

.debug_funcnames
 *(.debug_funcnames)

.debug_typenames
 *(.debug_typenames)

.debug_varnames
 *(.debug_varnames)

.stack          0x0000000000080000        0x0
                0x0000000000080000                _stack = .
 *(.stack)
LOAD /opt/devkitpro/devkitARM/lib/gcc/arm-none-eabi/5.3.0/../../../../arm-none-eabi/lib/thumb/gba_crt0.o
LOAD /opt/devkitpro/devkitARM/lib/gcc/arm-none-eabi/5.3.0/thumb/crti.o
LOAD /opt/devkitpro/devkitARM/lib/gcc/arm-none-eabi/5.3.0/thumb/crtbegin.o
LOAD template.o
LOAD /opt/devkitpro/libgba/lib/libgba.a
START GROUP
LOAD /opt/devkitpro/devkitARM/lib/gcc/arm-none-eabi/5.3.0/thumb/libgcc.a
LOAD /opt/devkitpro/devkitARM/lib/gcc/arm-none-eabi/5.3.0/../../../../arm-none-eabi/lib/thumb/libg.a
LOAD /opt/devkitpro/devkitARM/lib/gcc/arm-none-eabi/5.3.0/../../../../arm-none-eabi/lib/thumb/libc.a
LOAD /opt/devkitpro/devkitARM/lib/gcc/arm-none-eabi/5.3.0/../../../../arm-none-eabi/lib/thumb/libsysbase.a
END GROUP
LOAD /opt/devkitpro/devkitARM/lib/gcc/arm-none-eabi/5.3.0/thumb/crtend.o
LOAD /opt/devkitpro/devkitARM/lib/gcc/arm-none-eabi/5.3.0/thumb/crtn.o
OUTPUT(/home/alanh168/gitprojects/test/gba_test/template/template_mb.elf elf32-littlearm)

.debug_ranges   0x0000000000000000       0xd0
 .debug_ranges  0x0000000000000000       0x10 template.o
 .debug_ranges  0x0000000000000010       0x60 /opt/devkitpro/libgba/lib/libgba.a(console.o)
 .debug_ranges  0x0000000000000070       0x60 /opt/devkitpro/libgba/lib/libgba.a(interrupt.o)
